 DarkDash

 Timestamp is 6a239d11 (Fri Jun  5 21:07:45 2026)

 Preferred load address is 00400000

 Start         Length     Name                   Class
 0001:00000000 0000cd20H .text                   CODE
 0001:0000cd20 0003ab9eH .text$mn                CODE
 0002:00000000 0000ce30H D3D                     CODE
 0002:0000ce30 00001400H D3D_RD                  CODE
 0002:0000e230 000038c4H D3D_URW                 CODE
 0003:00000000 00000598H D3DX                    CODE
 0003:00000598 00000000H D3DX_RD                 CODE
 0004:00000000 00001d90H XGRPH                   CODE
 0004:00001d90 00000000H XGRPH_RD                CODE
 0005:00000000 00006eb0H DSOUND                  CODE
 0005:00006eb0 00000440H DSOUND_RD               CODE
 0005:000072f0 000006d0H DSOUND_RW               CODE
 0005:000079c0 000001dcH DSOUND_URW              CODE
 0006:00000000 0000e928H XNET                    CODE
 0006:0000e928 000002d0H XNET_RD                 CODE
 0007:00000000 00000000H XMV                     CODE
 0007:00000000 000001f8H XMV_RD                  CODE
 0007:000001f8 0001f5b0H XMV_RW                  CODE
 0007:0001f7a8 0000000cH XMV_URW                 CODE
 0008:00000000 00000004H .XID$A                  CODE
 0008:00000004 00000004H .XID$Gamepad            CODE
 0008:00000008 00000004H .XID$IrRemote           CODE
 0008:0000000c 00000004H .XID$ZZZ                CODE
 0008:00000010 00000004H .XPP$ClassA             CODE
 0008:00000014 00000008H .XPP$ClassHawk          CODE
 0008:0000001c 00000004H .XPP$ClassMU            CODE
 0008:00000020 00000008H .XPP$ClassXID           CODE
 0008:00000028 00000004H .XPP$ClassZZHub         CODE
 0008:0000002c 00000004H .XPP$ClassZZZ           CODE
 0008:00000030 00000008H .XPP$DATA               CODE
 0008:00000038 00000228H .XPP$Data               CODE
 0008:00000260 00000ee2H .XPPCINIT               CODE
 0008:00001142 0000734eH .XPPCODE                CODE
 0008:00008490 00000040H .XPPRDATA               CODE
 0009:00000000 00000210H .idata$5                DATA
 0009:00000210 00109380H .rdata                  DATA
 0009:00109590 00000018H .rdata$voltmd           DATA
 0009:001095a8 00000568H .rdata$zzzdbg           DATA
 0009:00109b10 00000008H .tls                    DATA
 0009:00109b18 00000088H .tls$                   DATA
 0009:00109ba0 00000004H .tls$ZZZ                DATA
 0009:00109ba1 00000000H .edata                  DATA
 0009:00109ba4 00000014H .idata$2                DATA
 0009:00109bb8 00000014H .idata$3                DATA
 0009:00109bcc 0000020cH .idata$4                DATA
 0009:00109dd8 0000000eH .idata$6                DATA
 000a:00000000 00000004H .CRT$RIA                DATA
 000a:00000004 00000004H .CRT$RII10              DATA
 000a:00000008 00000004H .CRT$RII20              DATA
 000a:0000000c 00000004H .CRT$RIZ                DATA
 000a:00000010 00000004H .CRT$XCA                DATA
 000a:00000014 0000001cH .CRT$XCU                DATA
 000a:00000030 00000004H .CRT$XCZ                DATA
 000a:00000034 00000004H .CRT$XIA                DATA
 000a:00000038 00000008H .CRT$XIC                DATA
 000a:00000040 00000004H .CRT$XIZ                DATA
 000a:00000044 00000004H .CRT$XPA                DATA
 000a:00000048 00000004H .CRT$XPX                DATA
 000a:0000004c 00000004H .CRT$XPZ                DATA
 000a:00000050 00000004H .CRT$XTA                DATA
 000a:00000054 00000004H .CRT$XTZ                DATA
 000a:00000058 00000004H .XAPI$LNA               DATA
 000a:0000005c 00000004H .XAPI$LNZ               DATA
 000a:00000060 00001720H .data                   DATA
 000a:00001780 00252070H .bss                    DATA
 000b:00000000 00007180H DOLBY                   DATA
 000c:00000000 00000010H .XBLD$A                 DATA
 000c:00000010 00000090H .XBLD$V                 DATA
 000d:00000000 00000060H .rsrc$01                DATA
 000d:00000060 00000180H .rsrc$02                DATA

  Address         Publics by Value              Rva+Base       Lib:Object

 0000:00000000       ___AbsoluteZero            00000000     <absolute>
 0000:00000000       ___arm64x_extra_rfe_table  00000000     <absolute>
 0000:00000000       ___arm64x_extra_rfe_table_size 00000000     <absolute>
 0000:00000000       ___arm64x_native_entrypoint 00000000     <absolute>
 0000:00000000       ___arm64x_redirection_metadata 00000000     <absolute>
 0000:00000000       ___arm64x_redirection_metadata_count 00000000     <absolute>
 0000:00000000       ___dynamic_value_reloc_table 00000000     <absolute>
 0000:00000000       ___enclave_config          00000000     <absolute>
 0000:00000000       ___guard_check_icall_a64n_fptr 00000000     <absolute>
 0000:00000000       ___guard_eh_cont_count     00000000     <absolute>
 0000:00000000       ___guard_eh_cont_table     00000000     <absolute>
 0000:00000000       ___guard_fids_count        00000000     <absolute>
 0000:00000000       ___guard_fids_table        00000000     <absolute>
 0000:00000000       ___guard_flags             00000000     <absolute>
 0000:00000000       ___guard_iat_count         00000000     <absolute>
 0000:00000000       ___guard_iat_table         00000000     <absolute>
 0000:00000000       ___guard_longjmp_count     00000000     <absolute>
 0000:00000000       ___guard_longjmp_table     00000000     <absolute>
 0000:00000000       ___hybrid_auxiliary_delayload_iat 00000000     <absolute>
 0000:00000000       ___hybrid_auxiliary_delayload_iat_copy 00000000     <absolute>
 0000:00000000       ___hybrid_auxiliary_iat    00000000     <absolute>
 0000:00000000       ___hybrid_auxiliary_iat_copy 00000000     <absolute>
 0000:00000000       ___hybrid_code_map         00000000     <absolute>
 0000:00000000       ___hybrid_code_map_count   00000000     <absolute>
 0000:00000000       ___hybrid_image_info_bitfield 00000000     <absolute>
 0000:00000000       ___x64_code_ranges_to_entry_points 00000000     <absolute>
 0000:00000000       ___x64_code_ranges_to_entry_points_count 00000000     <absolute>
 0000:00000000       __except_list              00000000     <absolute>
 0000:00000004       __tls_array                00000004     <absolute>
 0001:00000000       _realloc                   00401000 f   libcmt:realloc.obj
 0001:000000ed       _free                      004010ed f   libcmt:free.obj
 0001:00000150       _strncat                   00401150 f   libcmt:strncat.obj
 0001:00000285       __heap_alloc               00401285 f   libcmt:malloc.obj
 0001:000002ac       __nh_malloc                004012ac f   libcmt:malloc.obj
 0001:000002d8       _malloc                    004012d8 f   libcmt:malloc.obj
 0001:00000300       _strchr                    00401300 f   libcmt:strchr.obj
 0001:00000306       ___from_strstr_to_strchr   00401306     libcmt:strchr.obj
 0001:000003be       __mtinitlocks              004013be f   libcmt:mlock.obj
 0001:00000407       __mtdeletelocks            00401407 f   libcmt:mlock.obj
 0001:00000430       __unlock                   00401430 f   libcmt:mlock.obj
 0001:00000442       __mtinitlocknum            00401442 f   libcmt:mlock.obj
 0001:000004e2       __lock                     004014e2 f   libcmt:mlock.obj
 0001:00000510       __callnewh                 00401510 f   libcmt:handler.obj
 0001:0000052c       __SEH_prolog               0040152c f   libcmt:sehprolg.obj
 0001:00000567       __SEH_epilog               00401567 f   libcmt:sehprolg.obj
 0001:00000580       __except_handler3          00401580 f   libcmt:exsup3.obj
 0001:00000652       __seh_longjmp_unwind@4     00401652 f   libcmt:exsup3.obj
 0001:0000067d       ___crtInitCritSecAndSpinCount 0040167d f   libcmt:initcrit.obj
 0001:000007a2       __exit                     004017a2 f   libcmt:crt0dat.obj
 0001:000007ae       __errno                    004017ae f   libcmt:dosmap.obj
 0001:000007b7       ___doserrno                004017b7 f   libcmt:dosmap.obj
 0001:000007c0       __dosmaperr                004017c0 f   libcmt:dosmap.obj
 0001:00000834       __global_unwind2           00401834 f   libcmt:exsup.obj
 0001:00000876       __local_unwind2            00401876 f   libcmt:exsup.obj
 0001:000008ce       __NLG_Return2              004018ce     libcmt:exsup.obj
 0001:000008de       __abnormal_termination     004018de f   libcmt:exsup.obj
 0001:00000901       __NLG_Notify1              00401901 f   libcmt:exsup.obj
 0001:0000090a       __NLG_Notify               0040190a f   libcmt:exsup.obj
 0001:0000091d       __NLG_Dispatch             0040191d     libcmt:exsup.obj
 0001:00000922       __amsg_exit                00401922 f   libcmt:crt0.obj
 0001:0000093e       __getptd                   0040193e f   libcmt:tidtable.obj
 0001:000009c0       __freefls@4                004019c0 f   libcmt:tidtable.obj
 0001:00000a89       __freeptd                  00401a89 f   libcmt:tidtable.obj
 0001:00000adb       __mtinit                   00401adb f   libcmt:tidtable.obj
 0001:00000b4e       __NMSG_WRITE               00401b4e f   libcmt:crt0msg.obj
 0001:00000b7a       __FF_MSGBANNER             00401b7a f   libcmt:crt0msg.obj
 0001:00000b9c       _calloc                    00401b9c f   libcmt:calloc.obj
 0001:00000d23       __setmbcp                  00401d23 f   libcmt:mbctype.obj
 0001:00000e44       ___initmbctable            00401e44 f   libcmt:mbctype.obj
 0001:00000e6c       __mtxthreadnotification@4  00401e6c f   libcmt:thread.obj
 0001:00000e96       _CreateEventA@16           00401e96 f   xapilib:synch.obj
 0001:00000ef7       _WaitForSingleObjectEx@12  00401ef7 f   xapilib:synch.obj
 0001:00000f3b       _SleepEx@8                 00401f3b f   xapilib:synch.obj
 0001:00000f8d       _WaitForSingleObject@8     00401f8d f   xapilib:synch.obj
 0001:00000f9f       _Sleep@4                   00401f9f f   xapilib:synch.obj
 0001:00000fad       _CloseHandle@4             00401fad f   xapilib:handle.obj
 0001:00000fcb       _XapiCallThreadNotifyRoutines@4 00401fcb f   xapilib:thread.obj
 0001:00001003       _RaiseException@16         00402003 f   xapilib:thread.obj
 0001:00001059       _XRegisterThreadNotifyRoutine@8 00402059 f   xapilib:thread.obj
 0001:000010a2       _UnhandledExceptionFilter@4 004020a2 f   xapilib:thread.obj
 0001:000010de       _XapiThreadStartup@8       004020de f   xapilib:thread.obj
 0001:00001176       _CreateThread@24           00402176 f   xapilib:thread.obj
 0001:000011e4       _GetCurrentThreadId@0      004021e4 f   xapilib:thread.obj
 0001:000011f1       _XboxTimeZoneNameToWstr@8  004021f1 f i xapilib:datetime.obj
 0001:00001212       _XboxTimeZoneDateToSystemTime@8 00402212 f i xapilib:datetime.obj
 0001:0000124a       _XapipQueryTimeZoneInformation@8 0040224a f   xapilib:datetime.obj
 0001:000012f4       _GetTickCount@0            004022f4 f   xapilib:datetime.obj
 0001:000012fc       _FileTimeToSystemTime@8    004022fc f   xapilib:datetime.obj
 0001:00001367       _SystemTimeToFileTime@8    00402367 f   xapilib:datetime.obj
 0001:000013dc       _RtlpCutoverTimeToSystemTime@16 004023dc f   xapilib:datetime.obj
 0001:000015e6       _GetTimeZoneInformation@4  004025e6 f   xapilib:datetime.obj
 0001:00001742       _XapipGetTimeZoneBias@4    00402742 f   xapilib:datetime.obj
 0001:00001798       _FileTimeToLocalFileTime@8 00402798 f   xapilib:datetime.obj
 0001:000017c3       _LocalFileTimeToFileTime@8 004027c3 f   xapilib:datetime.obj
 0001:000017ee       _XapiDirectoryInformationToFindData@8 004027ee f   xapilib:filefind.obj
 0001:0000185a       _FindFirstFileA@8          0040285a f   xapilib:filefind.obj
 0001:00001967       _FindNextFileA@8           00402967 f   xapilib:filefind.obj
 0001:000019b8       _GetFileAttributesA@4      004029b8 f   xapilib:filemisc.obj
 0001:00001a03       _GetFileAttributesExA@12   00402a03 f   xapilib:filemisc.obj
 0001:00001a85       _MoveFileA@8               00402a85 f   xapilib:filemisc.obj
 0001:00001b1b       _DeleteFileA@4             00402b1b f   xapilib:filemisc.obj
 0001:00001ba9       _lstrcmpA@8                00402ba9 f   xapilib:lcompata.obj
 0001:00001c0d       _lstrcmpiA@8               00402c0d f   xapilib:lcompata.obj
 0001:00001c52       _lstrcpyA@8                00402c52 f   xapilib:lcompata.obj
 0001:00001c90       _lstrcpynA@12              00402c90 f   xapilib:lcompata.obj
 0001:00001cf5       _lstrcatA@8                00402cf5 f   xapilib:lcompata.obj
 0001:00001d4f       _lstrlenA@4                00402d4f f   xapilib:lcompata.obj
 0001:00001d8d       _CreateDirectoryA@8        00402d8d f   xapilib:dir.obj
 0001:00001df9       _RemoveDirectoryA@4        00402df9 f   xapilib:dir.obj
 0001:00001e87       _ReadFile@20               00402e87 f   xapilib:filehops.obj
 0001:00001f76       _WriteFile@20              00402f76 f   xapilib:filehops.obj
 0001:0000204c       _SetEndOfFile@4            0040304c f   xapilib:filehops.obj
 0001:000020d0       _SetFilePointer@16         004030d0 f   xapilib:filehops.obj
 0001:000021ca       _SetFilePointerEx@20       004031ca f   xapilib:filehops.obj
 0001:00002292       _FlushFileBuffers@4        00403292 f   xapilib:filehops.obj
 0001:000022b9       _GetFileSizeEx@8           004032b9 f   xapilib:filehops.obj
 0001:000022f7       _GetFileSize@8             004032f7 f   xapilib:filehops.obj
 0001:00002332       _CreateFileA@28            00403332 f   xapilib:fileopcr.obj
 0001:000024bd       _GetLastError@0            004034bd f   xapilib:error.obj
 0001:000024e5       _SetLastError@4            004034e5 f   xapilib:error.obj
 0001:00002513       _XapiSetLastNTError@4      00403513 f   xapilib:error.obj
 0001:0000252a       _XGetAudioFlags@0          0040352a f   xapilib:xgetaudioflags.obj
 0001:0000256c       _XapiFormatFATVolumeEx@8   0040356c f   xapilib:format.obj
 0001:00002890       _GetDiskFreeSpaceExA@16    00403890 f   xapilib:pathmisc.obj
 0001:00002984       _XapiSelectCachePartition@12 00403984 f   xapilib:pathmisc.obj
 0001:00002bcf       _XMountUtilityDrive@4      00403bcf f   xapilib:pathmisc.obj
 0001:00002cd4       _XGetVideoStandard@0       00403cd4 f   xapilib:xgetvideostandard.obj
 0001:00002cfd       _XGetVideoFlags@0          00403cfd f   xapilib:xgetvideoflags.obj
 0001:00002d46       _XLaunchNewImageA@8        00403d46 f   xapilib:launch.obj
 0001:00002d88       _XWriteTitleInfoNoReboot@24 00403d88 f   xapilib:launch.obj
 0001:00002e69       _XWriteTitleInfoAndRebootA@20 00403e69 f   xapilib:launch.obj
 0001:00002eb0       _GlobalMemoryStatus@4      00403eb0 f   xapilib:virtual.obj
 0001:00002eff       _mainXapiStartup@4         00403eff f   xapilib:xapi0.obj
 0001:00002f73       _mainCRTStartup            00403f73 f   xapilib:xapi0.obj
 0001:00002fe5       _RtlpCreateUnCommittedRange@4 00403fe5 f   xapilib:heap.obj
 0001:00003105       _RtlpDestroyUnCommittedRange@8 00404105 f   xapilib:heap.obj
 0001:00003126       _RtlpInsertUnCommittedPages@12 00404126 f   xapilib:heap.obj
 0001:000031b9       _RtlpFindAndCommitPages@16 004041b9 f   xapilib:heap.obj
 0001:00003344       _RtlpCoalesceFreeBlocks@16 00404344 f   xapilib:heap.obj
 0001:000035e9       _RtlpInsertFreeBlock@12    004045e9 f   xapilib:heap.obj
 0001:000036e3       _RtlpGetExtraStuffPointer@4 004046e3 f   xapilib:heap.obj
 0001:000036ff       _RtlpGrowBlockInPlace@20   004046ff f   xapilib:heap.obj
 0001:00003afd       _RtlpInitializeHeapSegment@28 00404afd f   xapilib:heap.obj
 0001:00003c1b       _RtlpExtendHeap@8          00404c1b f   xapilib:heap.obj
 0001:00003da2       _RtlpDeCommitFreeBlock@12  00404da2 f   xapilib:heap.obj
 0001:0000404c       _RtlCreateHeap@24          0040504c f   xapilib:heap.obj
 0001:00004470       _RtlAllocateHeap@12        00405470 f   xapilib:heap.obj
 0001:00004beb       _RtlFreeHeap@12            00405beb f   xapilib:heap.obj
 0001:00004ddf       _RtlReAllocateHeap@16      00405ddf f   xapilib:heap.obj
 0001:0000550d       _HeapFree@12               0040650d f   xapilib:xapiheap.obj
 0001:00005524       _GetProcessHeap@0          00406524 f   xapilib:xapiheap.obj
 0001:0000552a       _LocalAlloc@8              0040652a f   xapilib:xapiheap.obj
 0001:00005547       _LocalFree@4               00406547 f   xapilib:xapiheap.obj
 0001:00005565       _OutputDebugStringA@4      00406565 f   xapilib:outputdebugstringa.obj
 0001:00005598       _XapiFormatObjectAttributes@12 00406598 f   xapilib:support.obj
 0001:000055c0       _XapiFormatTimeOut@8       004065c0 f   xapilib:support.obj
 0001:000055ee       _XQueryValue@20            004065ee f   xapilib:xqueryvalue.obj
 0001:00005610       _xCompareStringA@20        00406610 f   xapilib:compstra.obj
 0001:00005799       _XGetAVPack@0              00406799 f   xapilib:xgetavpack.obj
 0001:000057a1       _XMemAlloc@8               004067a1 f   xapilib:xmem.obj
 0001:00005841       _XMemFree@8                00406841 f   xapilib:xmem.obj
 0001:00005860       @RtlFindFirstSetRightMember@4 00406860 f   xapilib:bitmapa.obj
 0001:00005864       _XapiValidateDiskPartitionEx@8 00406864 f   xapilib:xapiinit.obj
 0001:000058dc       _XapiCopySectionToFile@16  004068dc f   xapilib:xapiinit.obj
 0001:000059c3       _XapiMapLetterToDirectory@24 004069c3 f   xapilib:xapiinit.obj
 0001:00005cf7       _XapiSetupPerTitleDriveLetters@8 00406cf7 f   xapilib:xapiinit.obj
 0001:00005d4c       _XapiBootToDash@12         00406d4c f   xapilib:xapiinit.obj
 0001:00005db1       _XapiValidateDiskPartition@4 00406db1 f   xapilib:xapiinit.obj
 0001:00005dc2       _XapiInitProcess@0         00406dc2 f   xapilib:xapiinit.obj
 0001:00005f31       _BuildUpdateFilePath@12    00406f31 f   xapilib:bootutil.obj
 0001:00005f7b       _XoUpdateLoadXBEInfo@8     00406f7b f   xapilib:bootutil.obj
 0001:00006047       _XoUpdateGetSavedDataFromLaunchPage@12 00407047 f   xapilib:bootutil.obj
 0001:000060ab       _XapipUpdateGetCurrentDDriveMapping@8 004070ab f   xapilib:bootutil.obj
 0001:0000613d       _XapipUpdateSaveDDriveMappingToLaunchPage@8 0040713d f   xapilib:bootutil.obj
 0001:000061be       _XapipUpdateDetectAndVerify@16 004071be f   xapilib:bootutil.obj
 0001:00006340       _XapipLaunchNewImageInternal@16 00407340 f   xapilib:bootutil.obj
 0001:000064c1       _XapipUpdateRebootIfNecessary@0 004074c1 f   xapilib:bootutil.obj
 0001:00006626       __cinit@0                  00407626 f   xapilib:xapi0dat.obj
 0001:0000667e       __rtinit@0                 0040767e f   xapilib:xapi0dat.obj
 0001:000066a7       _XapiRestrictCodeSelectorLimit@0 004076a7 f   xapilib:krnlptch.obj
 0001:0000670b       _XapiApplyKernelPatches@0  0040770b f   xapilib:krnlptch.obj
 0001:000067d0       _XPhysicalAlloc@16         004077d0 f   xapilib:physical.obj
 0001:00006813       _XPhysicalAllocEx@20       00407813 f   xapilib:physical.obj
 0001:00006840       _XPhysicalFree@4           00407840 f   xapilib:physical.obj
 0001:00006846       _XGetSectionHandleA@4      00407846 f   xapilib:xemodule.obj
 0001:000068ad       _XLoadSectionByHandle@4    004078ad f   xapilib:xemodule.obj
 0001:000068ce       _XFreeSectionByHandle@4    004078ce f   xapilib:xemodule.obj
 0001:000068ec       _XGetSectionSize@4         004078ec f   xapilib:xemodule.obj
 0001:000068f6       _XGetParentalControlSetting@0 004078f6 f   xapilib:xgetparentalcontrolsetting.obj
 0001:0000691b       _XAutoPowerDownResetTimer@0 0040791b f   xapilib:powerdwn.obj
 0001:00006936       _XapiAutoPowerDownTimeout@16 00407936 f   xapilib:powerdwn.obj
 0001:00006948       _XapiInitAutoPowerDown@0   00407948 f   xapilib:powerdwn.obj
 0001:000069bc       _XapiShutdownChannelStartNextPacket@0 004079bc f   xapilib:xapiterm.obj
 0001:000069d5       _XapiShutdownChannelStartPacket@8 004079d5 f   xapilib:xapiterm.obj
 0001:000069d8       _XapiShutdownNotification@4 004079d8 f   xapilib:xapiterm.obj
 0001:00006a2e       _XComputeContentSignatureKey@8 00407a2e f   xapilib:contsig.obj
 0001:00006a4d       _XapiComputeContentHeaderSignature@16 00407a4d f   xapilib:contsig.obj
 0001:00006b32       _XapiLoadContentMetadataHeader@16 00407b32 f   xapilib:contsig.obj
 0001:00006c14       _XapiChangeCodeSelectorLimit@8 00407c14 f   xapilib:xapidlla.obj
 0001:00006c39       _XShaHmacInitialize@12     00407c39 f   xapilib:xcalcsig.obj
 0001:00006c9b       _XShaHmacUpdate@12         00407c9b f   xapilib:xcalcsig.obj
 0001:00006ca0       _XShaHmacComputeFinal@16   00407ca0 f   xapilib:xcalcsig.obj
 0001:00006d12       ??_ECMcpxAPU@DirectSound@@W7AEPAXI@Z 00407d12 f i dsound:mcpapu.obj
 0001:00006d1a       _XNetGetEthernetLinkStatus@0 00407d1a f   xnet:xnet.obj
 0001:00006d70       __allmul                   00407d70 f   libcmt:llmul.obj
 0001:00006da4       __stricmp                  00407da4 f   libcmt:stricmp.obj
 0001:00006de7       _sprintf                   00407de7 f   libcmt:sprintf.obj
 0001:00006e40       __alldiv                   00407e40 f   libcmt:lldiv.obj
 0001:00006ef0       _memmove                   00407ef0 f   libcmt:memmove.obj
 0001:0000722d       __snprintf                 0040822d f   libcmt:snprintf.obj
 0001:00007290       __aulldiv                  00408290 f   libcmt:ulldiv.obj
 0001:00007300       __allshr                   00408300 f   libcmt:llshr.obj
 0001:00007321       __snwprintf                00408321 f   libcmt:snwprint.obj
 0001:000073a0       _strncpy                   004083a0 f   libcmt:strncpy.obj
 0001:000074c4       __strnicmp                 004084c4 f   libcmt:strnicmp.obj
 0001:00007520       __alloca_probe             00408520     libcmt:chkstk.obj
 0001:00007520       __chkstk                   00408520 f   libcmt:chkstk.obj
 0001:00007561       __fpclear                  00408561 f   libcmt:fpinit.obj
 0001:00007562       __cfltcvt_init             00408562 f   libcmt:fpinit.obj
 0001:0000759a       __fpmath                   0040859a f   libcmt:fpinit.obj
 0001:000075b0       __ftol2                    004085b0 f   libcmt:ftol2.obj
 0001:00007625       __vsnprintf                00408625 f   libcmt:vsnprint.obj
 0001:0000767b       __fpclass                  0040867b f   libcmt:ieeemisc.obj
 0001:00007718       __CIacos                   00408718 f   libcmt:acos.obj
 0001:0000772c       _acos                      0040872c     libcmt:acos.obj
 0001:000077e4       _sinh                      004087e4 f   libcmt:87ctrigh.obj
 0001:000077ee       _cosh                      004087ee f   libcmt:87ctrigh.obj
 0001:000077f5       _tanh                      004087f5 f   libcmt:87ctrigh.obj
 0001:000077fc       __CIsinh                   004087fc f   libcmt:87ctrigh.obj
 0001:00007806       __CIcosh                   00408806 f   libcmt:87ctrigh.obj
 0001:0000780d       __CItanh                   0040880d f   libcmt:87ctrigh.obj
 0001:00007814       _pow                       00408814 f   libcmt:pow.obj
 0001:00007818       __CIpow                    00408818 f   libcmt:pow.obj
 0001:0000781a       __CIpow_default            0040881a f   libcmt:pow.obj
 0001:00007833       __pow_default              00408833     libcmt:pow.obj
 0001:00007a29       __purecall                 00408a29 f   libcmt:purevirt.obj
 0001:00007a3d       __wcsnicmp                 00408a3d f   libcmt:wcsnicmp.obj
 0001:00007adb       _tolower                   00408adb f   libcmt:tolower.obj
 0001:00007b10       ___ascii_stricmp           00408b10 f   libcmt:_stricmp.obj
 0001:00007b5e       __flsbuf                   00408b5e f   libcmt:_flsbuf.obj
 0001:00007d05       __output                   00408d05 f   libcmt:output.obj
 0001:00008513       __woutput                  00409513 f   libcmt:woutput.obj
 0001:00008cd7       _towlower                  00409cd7 f   libcmt:towlower.obj
 0001:00008d20       ___ascii_strnicmp          00409d20 f   libcmt:_strnicm.obj
 0001:00008d81       __forcdecpt                00409d81 f   libcmt:cvt.obj
 0001:00008dd9       __cropzeros                00409dd9 f   libcmt:cvt.obj
 0001:00008e24       __positive                 00409e24 f   libcmt:cvt.obj
 0001:00008e3e       __fassign                  00409e3e f   libcmt:cvt.obj
 0001:00008f48       __cftoe                    00409f48 f   libcmt:cvt.obj
 0001:0000904d       __cftof                    0040a04d f   libcmt:cvt.obj
 0001:0000909f       __cftog                    0040a09f f   libcmt:cvt.obj
 0001:0000912c       __cfltcvt                  0040a12c f   libcmt:cvt.obj
 0001:0000917d       __setdefaultprecision      0040a17d f   libcmt:fp8.obj
 0001:0000918f       __set_exp                  0040a18f f   libcmt:util.obj
 0001:000091b9       __sptype                   0040a1b9 f   libcmt:util.obj
 0001:00009214       __decomp                   0040a214 f   libcmt:util.obj
 0001:000092c8       __raise_exc                0040a2c8 f   libcmt:fpexcept.obj
 0001:0000956c       __handle_exc               0040a56c f   libcmt:fpexcept.obj
 0001:00009759       __set_errno                0040a759 f   libcmt:fpexcept.obj
 0001:00009781       __statfp                   0040a781 f   libcmt:fpctrl.obj
 0001:0000978c       __clrfp                    0040a78c f   libcmt:fpctrl.obj
 0001:00009798       __ctrlfp                   0040a798 f   libcmt:fpctrl.obj
 0001:000097bc       __set_statfp               0040a7bc f   libcmt:fpctrl.obj
 0001:00009814       __trandisp1                0040a814 f   libcmt:87disp.obj
 0001:0000987b       __trandisp2                0040a87b f   libcmt:87disp.obj
 0001:00009907       __rttospopde               0040a907     libcmt:87disp.obj
 0001:0000990c       __rttospop                 0040a90c     libcmt:87disp.obj
 0001:0000990e       __rtnospop                 0040a90e     libcmt:87disp.obj
 0001:00009910       __rttosnpop                0040a910     libcmt:87disp.obj
 0001:00009911       __rtnospopde               0040a911     libcmt:87disp.obj
 0001:00009918       __rtzeropop                0040a918     libcmt:87disp.obj
 0001:0000991a       __rtzeronpop               0040a91a     libcmt:87disp.obj
 0001:0000991f       __rtonepop                 0040a91f     libcmt:87disp.obj
 0001:00009921       __rtonenpop                0040a921     libcmt:87disp.obj
 0001:00009926       __tosnan1                  0040a926     libcmt:87disp.obj
 0001:00009951       __nosnan2                  0040a951     libcmt:87disp.obj
 0001:00009953       __tosnan2                  0040a953     libcmt:87disp.obj
 0001:0000997b       __nan2                     0040a97b     libcmt:87disp.obj
 0001:000099ba       __rtindfpop                0040a9ba     libcmt:87disp.obj
 0001:000099bc       __rtindfnpop               0040a9bc     libcmt:87disp.obj
 0001:000099cd       __rttosnpopde              0040a9cd     libcmt:87disp.obj
 0001:000099d7       __rtchsifneg               0040a9d7     libcmt:87disp.obj
 0001:000099e0       __startTwoArgErrorHandling 0040a9e0 f   libcmt:genexcep.obj
 0001:000099f7       __startOneArgErrorHandling 0040a9f7 f   libcmt:genexcep.obj
 0001:00009a34       __twoToTOS                 0040aa34 f   libcmt:common.obj
 0001:00009a49       __load_CW                  0040aa49 f   libcmt:common.obj
 0001:00009a60       __convertTOStoQNaN         0040aa60 f   libcmt:common.obj
 0001:00009a79       __fload_withFB             0040aa79 f   libcmt:common.obj
 0001:00009abc       __checkTOS_withFB          0040aabc f   libcmt:common.obj
 0001:00009ad2       __fast_exit                0040aad2 f   libcmt:common.obj
 0001:00009adf       __math_exit                0040aadf f   libcmt:common.obj
 0001:00009b09       __check_overflow_exit      0040ab09 f   libcmt:common.obj
 0001:00009b1d       __check_range_exit         0040ab1d f   libcmt:common.obj
 0001:00009bc0       __fFSINH                   0040abc0     libcmt:87trigh.obj
 0001:00009c12       __fFCOSH                   0040ac12     libcmt:87trigh.obj
 0001:00009cbc       __cintrindisp2             0040acbc f   libcmt:87cdisp.obj
 0001:00009cfa       __cintrindisp1             0040acfa f   libcmt:87cdisp.obj
 0001:00009d37       __ctrandisp2               0040ad37 f   libcmt:87cdisp.obj
 0001:00009ecd       __ctrandisp1               0040aecd f   libcmt:87cdisp.obj
 0001:00009f00       __fload                    0040af00 f   libcmt:87cdisp.obj
 0001:00009f4d       __fFEXP                    0040af4d     libcmt:87tran.obj
 0001:00009fa4       __rtinfpopse               0040afa4     libcmt:87tran.obj
 0001:00009fa6       __rtinfnpopse              0040afa6     libcmt:87tran.obj
 0001:00009fb6       __fFLN                     0040afb6     libcmt:87tran.obj
 0001:0000a06b       __rtinfpop                 0040b06b     libcmt:87tran.obj
 0001:0000a06d       __rtinfnpop                0040b06d     libcmt:87tran.obj
 0001:0000a08a       __ffexpm1                  0040b08a     libcmt:87tran.obj
 0001:0000a133       __d_inttype                0040b133 f   libcmt:powhlp.obj
 0001:0000a198       __powhlp                   0040b198 f   libcmt:powhlp.obj
 0001:0000a2ea       __isctype                  0040b2ea f   libcmt:isctype.obj
 0001:0000a30b       __lseek_lk                 0040b30b f   libcmt:lseek.obj
 0001:0000a37d       __lseek                    0040b37d f   libcmt:lseek.obj
 0001:0000a428       __ioinit                   0040b428 f   libcmt:ioinit.obj
 0001:0000a48d       __write_lk                 0040b48d f   libcmt:write.obj
 0001:0000a618       __write                    0040b618 f   libcmt:write.obj
 0001:0000a6c3       __getbuf                   0040b6c3 f   libcmt:_getbuf.obj
 0001:0000a707       __isatty                   0040b707 f   libcmt:isatty.obj
 0001:0000a731       ___initstdio               0040b731 f   libcmt:_file.obj
 0001:0000a7da       ___endstdio                0040b7da f   libcmt:_file.obj
 0001:0000a7ee       __lock_file                0040b7ee f   libcmt:_file.obj
 0001:0000a81d       __lock_file2               0040b81d f   libcmt:_file.obj
 0001:0000a840       __unlock_file              0040b840 f   libcmt:_file.obj
 0001:0000a86f       __unlock_file2             0040b86f f   libcmt:_file.obj
 0001:0000a892       _wctomb                    0040b892 f   libcmt:wctomb.obj
 0001:0000a8c0       __aulldvrm                 0040b8c0 f   libcmt:ulldvrm.obj
 0001:0000a955       __putwc_lk                 0040b955 f   libcmt:fputwc.obj
 0001:0000aa1a       _mbtowc                    0040ba1a f   libcmt:mbtowc.obj
 0001:0000aa51       _iswctype                  0040ba51 f   libcmt:iswctype.obj
 0001:0000aa81       __ZeroTail                 0040ba81 f   libcmt:intrncvt.obj
 0001:0000aab3       __IncMan                   0040bab3 f   libcmt:intrncvt.obj
 0001:0000ab00       __RoundMan                 0040bb00 f   libcmt:intrncvt.obj
 0001:0000ab72       __CopyMan                  0040bb72 f   libcmt:intrncvt.obj
 0001:0000ab8d       __IsZeroMan                0040bb8d f   libcmt:intrncvt.obj
 0001:0000aba6       __ShrMan                   0040bba6 f   libcmt:intrncvt.obj
 0001:0000ac21       __ld12cvt                  0040bc21 f   libcmt:intrncvt.obj
 0001:0000ad79       __ld12tod                  0040bd79 f   libcmt:intrncvt.obj
 0001:0000ad8f       __ld12tof                  0040bd8f f   libcmt:intrncvt.obj
 0001:0000ada5       __atodbl                   0040bda5 f   libcmt:intrncvt.obj
 0001:0000add2       __atoflt                   0040bdd2 f   libcmt:intrncvt.obj
 0001:0000adff       __fptostr                  0040bdff f   libcmt:_fptostr.obj
 0001:0000ae7e       ___dtold                   0040be7e f   libcmt:cfout.obj
 0001:0000af38       __fltout2                  0040bf38 f   libcmt:cfout.obj
 0001:0000af9d       __fptrap                   0040bf9d f   libcmt:crt0fp.obj
 0001:0000b0c6       __control87                0040c0c6 f   libcmt:ieee87.obj
 0001:0000b0f8       __controlfp                0040c0f8 f   libcmt:ieee87.obj
 0001:0000b10e       __matherr                  0040c10e f   libcmt:matherr.obj
 0001:0000b111       __87except                 0040c111 f   libcmt:87except.obj
 0001:0000b1ee       __frnd                     0040c1ee f   libcmt:frnd.obj
 0001:0000b1ff       __free_osfhnd              0040c1ff f   libcmt:osfinfo.obj
 0001:0000b248       __get_osfhandle            0040c248 f   libcmt:osfinfo.obj
 0001:0000b289       __lock_fhandle             0040c289 f   libcmt:osfinfo.obj
 0001:0000b329       __unlock_fhandle           0040c329 f   libcmt:osfinfo.obj
 0001:0000b34b       __lseeki64_lk              0040c34b f   libcmt:lseeki64.obj
 0001:0000b3cc       __fcloseall                0040c3cc f   libcmt:closeall.obj
 0001:0000b450       __flush                    0040c450 f   libcmt:fflush.obj
 0001:0000b4ad       __fflush_lk                0040c4ad f   libcmt:fflush.obj
 0001:0000b5b0       __flushall                 0040c5b0 f   libcmt:fflush.obj
 0001:0000b5b9       __flswbuf                  0040c5b9 f   libcmt:_flswbuf.obj
 0001:0000b6e1       ___addl                    0040c6e1 f   libcmt:mantold.obj
 0001:0000b702       ___add_12                  0040c702 f   libcmt:mantold.obj
 0001:0000b760       ___shl_12                  0040c760 f   libcmt:mantold.obj
 0001:0000b78e       ___shr_12                  0040c78e f   libcmt:mantold.obj
 0001:0000b7bb       ___mtold12                 0040c7bb f   libcmt:mantold.obj
 0001:0000b889       ___strgtold12              0040c889 f   libcmt:strgtold.obj
 0001:0000bd00       _$I10_OUTPUT               0040cd00 f   libcmt:x10fout.obj
 0001:0000bf77       __fclose_lk                0040cf77 f   libcmt:fclose.obj
 0001:0000bfc3       _fclose                    0040cfc3 f   libcmt:fclose.obj
 0001:0000c014       __commit                   0040d014 f   libcmt:commit.obj
 0001:0000c0ce       ___ld12mul                 0040d0ce f   libcmt:tenpow.obj
 0001:0000c2f0       ___multtenpow12            0040d2f0 f   libcmt:tenpow.obj
 0001:0000c366       __close_lk                 0040d366 f   libcmt:close.obj
 0001:0000c3e7       __close                    0040d3e7 f   libcmt:close.obj
 0001:0000c482       __freebuf                  0040d482 f   libcmt:_freebuf.obj
 0001:0000c4ad       _QueryPerformanceCounter@4 0040d4ad f   xapilib:perfctr.obj
 0001:0000c4be       _QueryPerformanceFrequency@4 0040d4be f   xapilib:perfctr.obj
 0001:0000c4e0       _MulDiv@12                 0040d4e0 f   xapilib:muldiv.obj
 0001:0000c600       _UTF8ToUnicode@16          0040d600 f   xapilib:widechar.obj
 0001:0000c756       _MultiByteToWideChar@24    0040d756 f   xapilib:widechar.obj
 0001:0000c814       __CIcos                    0040d814 f   libcmt:cos.obj
 0001:0000c828       _cos                       0040d828     libcmt:cos.obj
 0001:0000c8c4       __CIsin                    0040d8c4 f   libcmt:sin.obj
 0001:0000c8d8       _sin                       0040d8d8     libcmt:sin.obj
 0001:0000c980       _memcpy                    0040d980 f   libcmt:memcpy.obj
 0001:0000ccc0       _memset                    0040dcc0 f   libcmt:memset.obj
 0001:00010ff0       _mp3dec_decode_frame       00411ff0 f   dd_audio.obj
 0001:00011d10       _Audio_StartMusic          00412d10 f   dd_audio.obj
 0001:00011fb0       _Audio_StopMusic           00412fb0 f   dd_audio.obj
 0001:00012050       ?Backdrop_Draw@@YAXXZ      00413050 f   dd_backdrop.obj
 0001:000128a0       _Browse_Update             004138a0 f   dd_browse.obj
 0001:00012e60       _Browse_Draw               00413e60 f   dd_browse.obj
 0001:00013270       _Calib_Run                 00414270 f   dd_calib.obj
 0001:000140a0       _CopyJob_Pump              004150a0 f   dd_copyjob.obj
 0001:000143e0       _Data_Save                 004153e0 f   dd_data.obj
 0001:000144b0       _Dc_Load                   004154b0 f   dd_dc.obj
 0001:00014640       _Dc_Save                   00415640 f   dd_dc.obj
 0001:000146c0       _Disc_Poll                 004156c0 f   dd_disc.obj
 0001:00014c80       _Edit_Open                 00415c80 f   dd_edit.obj
 0001:00015080       _Edit_Update               00416080 f   dd_edit.obj
 0001:00015810       _Edit_Draw                 00416810 f   dd_edit.obj
 0001:00015ef0       _Egg_Draw                  00416ef0 f   dd_egg.obj
 0001:00016c30       _Mu_MountAll               00417c30 f   dd_fileops.obj
 0001:00017370       ?FtpServ_Start@@YAXPBD_N@Z 00418370 f   dd_ftp.obj
 0001:00017540       ?FtpServ_Stop@@YAXXZ       00418540 f   dd_ftp.obj
 0001:00019350       ?FtpServ_Tick@@YAXXZ       0041a350 f   dd_ftp.obj
 0001:00019dc0       _Gfx_Init                  0041adc0 f   dd_gfx.obj
 0001:0001a090       _Iso_NudgeAngles           0041b090 f   dd_iso.obj
 0001:0001a130       _Iso_Begin                 0041b130 f   dd_iso.obj
 0001:0001a2c0       _Iso_DrawPanel             0041b2c0 f   dd_iso.obj
 0001:0001a4f0       _Iso_FillRect              0041b4f0 f   dd_iso.obj
 0001:0001a8f0       ?Launcher_LoadArtFor@@YAHPBDPAUTexture@@PAH@Z 0041b8f0 f   dd_launcher.obj
 0001:0001b410       ?Launcher_Update@@YAHGG@Z  0041c410 f   dd_launcher.obj
 0001:0001be60       ?Launcher_Render@@YAXXZ    0041ce60 f   dd_launcher.obj
 0001:0001ee00       _Lcd_Tick                  0041fe00 f   dd_lcd.obj
 0001:0001eff0       _Lcd_NowPlaying            0041fff0 f   dd_lcd.obj
 0001:0001f6b0       ?Mount_HddPartitions@@YAXXZ 004206b0 f   dd_mount.obj
 0001:0001f740       ?Mount_LaunchXbe@@YAHPBD@Z 00420740 f   dd_mount.obj
 0001:0001fb30       ?Net_Restart@@YAXXZ        00420b30 f   dd_net.obj
 0001:0001fde0       _Ntp_Sync                  00420de0 f   dd_ntp.obj
 0001:0001fee0       ?Osk_Update@@YAHG@Z        00420ee0 f   dd_osk.obj
 0001:00020480       ?Osk_Draw@@YAXPAUD3DDevice@@@Z 00421480 f   dd_osk.obj
 0001:00020c40       _Paths_Load                00421c40 f   dd_paths.obj
 0001:00020da0       ?Pedestal_Draw@@YAXPBUTexture@@0KHHH@Z 00421da0 f   dd_pedestal.obj
 0001:000213b0       ?Pedestal_DrawHologram@@YAXPBUTexture@@KHHH@Z 004223b0 f   dd_pedestal.obj
 0001:00021bb0       ?Pedestal_DrawFlat@@YAXPBUTexture@@KHHH@Z 00422bb0 f   dd_pedestal.obj
 0001:00022380       ?Pedestal_DrawSaver@@YAXPBUTexture@@HKMMHHHH@Z 00423380 f   dd_pedestal.obj
 0001:00022df0       _Recents_Add               00423df0 f   dd_recents.obj
 0001:00023c20       _SaveMgr_Update            00424c20 f   dd_savemgr.obj
 0001:000245f0       _SaveMgr_Render            004255f0 f   dd_savemgr.obj
 0001:00025350       _Saver_Render              00426350 f   dd_screensaver.obj
 0001:00025570       _Select_Begin              00426570 f   dd_select.obj
 0001:00025710       _Select_DrawGlow           00426710 f   dd_select.obj
 0001:0002c960       ?Swing_CaptureBegin@@YAHMMMM@Z 0042d960 f   dd_swing.obj
 0001:0002cb80       ?Swing_DrawCaptured@@YAXMMMM@Z 0042db80 f   dd_swing.obj
 0001:0002d190       _Synopsis_Open             0042e190 f   dd_synopsis.obj
 0001:0002e3a0       _Synopsis_Update           0042f3a0 f   dd_synopsis.obj
 0001:0002e8f0       _Synopsis_Draw             0042f8f0 f   dd_synopsis.obj
 0001:0002f210       ?Sys_ReadFanPct@@YAHPAH@Z  00430210 f   dd_sysinfo.obj
 0001:0002f9d0       _Texture_LoadXPR           004309d0 f   dd_texture.obj
 0001:00030480       _Theme_Load                00431480 f   dd_theme.obj
 0001:00030680       _Theme_Unload              00431680 f   dd_theme.obj
 0001:00030730       _Theme_Asset               00431730 f   dd_theme.obj
 0001:000308d0       _Theme_ResolveIcon         004318d0 f   dd_theme.obj
 0001:00030b30       _Time_Load                 00431b30 f   dd_time.obj
 0001:00030c10       _Time_Save                 00431c10 f   dd_time.obj
 0001:00030cb0       _TypeD_Tick                00431cb0 f   dd_typed.obj
 0001:00030fd0       _Udp_DiscoTick             00431fd0 f   dd_udp.obj
 0001:00031690       _UI_FillTri                00432690 f   dd_ui.obj
 0001:00031dc0       _Upd_Init                  00432dc0 f   dd_update.obj
 0001:00032500       _Upd_StartCheck            00433500 f   dd_update.obj
 0001:000325e0       _Upd_Relaunch              004335e0 f   dd_update.obj
 0001:00032620       _Upd_Tick                  00433620 f   dd_update.obj
 0001:00032df0       _Upd_State                 00433df0 f   dd_update.obj
 0001:00032e70       ?Xbe_ReadTitle@@YAHPBDPADHPAI@Z 00433e70 f   dd_xbe.obj
 0001:00033030       ?Xbe_LoadTitleImage@@YAHPAUD3DDevice@@PBDPAUTexture@@@Z 00434030 f   dd_xbe.obj
 0001:00034790       ?FileMan_Update@@YAHGG@Z   00435790 f   fileman.obj
 0001:00035d50       ?FileMan_Render@@YAXXZ     00436d50 f   fileman.obj
 0001:00036910       _Font_LoadDDF              00437910 f   font.obj
 0001:00036c60       _Font_MeasureText          00437c60 f   font.obj
 0001:00036cf0       _Font_DrawText             00437cf0 f   font.obj
 0001:00037560       ?PumpInput@@YAXXZ          00438560 f   input.obj
 0001:00039350       _main                      0043a350 f   main.obj
 0001:0003fd10       ?Settings_Update@@YAHGG@Z  00440d10 f   settings.obj
 0001:00044cc0       ?Settings_Render@@YAXXZ    00445cc0 f   settings.obj
 0001:00047450       ?Xba_Extract@@YA?AW4XbaResult@@PBD0P6AXHHKK@ZPADH@Z 00448450 f   xba.obj
 0001:00047860       __ftol2_sse                00448860 f   dd_ftol.obj
 0001:00047870       _RtlUnwind@16              00448870 f   xboxkrnl:xboxkrnl.exe
 0001:00047876       _ExQueryNonVolatileSetting@20 00448876 f   xboxkrnl:xboxkrnl.exe
 0001:0004787c       _XcSHAFinal@8              0044887c f   xboxkrnl:xboxkrnl.exe
 0001:00047882       _XcSHAUpdate@12            00448882 f   xboxkrnl:xboxkrnl.exe
 0001:00047888       _XcSHAInit@4               00448888 f   xboxkrnl:xboxkrnl.exe
 0001:0004788e       _XcHMAC@28                 0044888e f   xboxkrnl:xboxkrnl.exe
 0001:00047894       _DbgPrint                  00448894 f   xboxkrnl:xboxkrnl.exe
 0001:0004789a       _XcDESKeyParity@8          0044889a f   xboxkrnl:xboxkrnl.exe
 0001:000478a0       _XcBlockCryptCBC@28        004488a0 f   xboxkrnl:xboxkrnl.exe
 0001:000478a6       _XcKeyTable@12             004488a6 f   xboxkrnl:xboxkrnl.exe
 0001:000478ac       _XcModExp@20               004488ac f   xboxkrnl:xboxkrnl.exe
 0001:000478b2       _XcRC4Crypt@12             004488b2 f   xboxkrnl:xboxkrnl.exe
 0001:000478b8       _XcRC4Key@12               004488b8 f   xboxkrnl:xboxkrnl.exe
 0002:00000000       _D3DDevice_SetTransform@8  00449000 f   d3d8:d3dbase.obj
 0002:00000120       _D3DDevice_GetViewport@4   00449120 f   d3d8:d3dbase.obj
 0002:00000160       _D3DDevice_Release@0       00449160 f   d3d8:d3dbase.obj
 0002:000001a0       _D3DDevice_BlockUntilIdle@0 004491a0 f   d3d8:d3dbase.obj
 0002:000001b0       _D3DDevice_BlockUntilVerticalBlank@0 004491b0 f   d3d8:d3dbase.obj
 0002:000001e0       _D3DDevice_SetFlickerFilter@4 004491e0 f   d3d8:d3dbase.obj
 0002:00000230       _D3DDevice_SetSoftDisplayFilter@4 00449230 f   d3d8:d3dbase.obj
 0002:00000290       ?GetPitch@PixelJar@D3D@@YGKPAUD3DPixelContainer@@@Z 00449290 f i d3d8:d3dbase.obj
 0002:00000300       _D3DDevice_SetRenderTarget@8 00449300 f   d3d8:d3dbase.obj
 0002:00000580       _D3DDevice_GetBackBuffer2@4 00449580 f   d3d8:d3dbase.obj
 0002:000005d0       _D3DDevice_GetRenderTarget2@0 004495d0 f   d3d8:d3dbase.obj
 0002:000005f0       _D3DDevice_GetDepthStencilSurface2@0 004495f0 f   d3d8:d3dbase.obj
 0002:00000610       _D3DDevice_SetViewport@4   00449610 f   d3d8:d3dbase.obj
 0002:00000840       _D3DDevice_SetTexture@8    00449840 f   d3d8:d3dbase.obj
 0002:000009f0       _D3DDevice_IsBusy@0        004499f0 f   d3d8:d3dbase.obj
 0002:00000a20       ?SetTileNoWait@D3D@@YGXKPBU_D3DTILE@@@Z 00449a20 f   d3d8:d3dbase.obj
 0002:00000b00       _D3DDevice_SetScissors@12  00449b00 f   d3d8:d3dbase.obj
 0002:00000e00       _D3DDevice_SetScreenSpaceOffset@8 00449e00 f   d3d8:d3dbase.obj
 0002:00000e50       ?D3DInternals@D3D@@YAJKPAX@Z 00449e50 f   d3d8:d3dbase.obj
 0002:000010a0       _D3DDevice_SetRenderState_PSTextureModes@4 0044a0a0 f   d3d8:state.obj
 0002:000010d0       @D3DDevice_SetRenderState_Simple@8 0044a0d0 f   d3d8:state.obj
 0002:00001100       _D3DDevice_SetRenderStateNotInline@8 0044a100 f   d3d8:state.obj
 0002:00001160       _D3DDevice_GetViewportOffsetAndScale@8 0044a160 f   d3d8:state.obj
 0002:00001290       ?UpdateProjectionViewportTransform@D3D@@YGXXZ 0044a290 f   d3d8:state.obj
 0002:000013d0       _D3DDevice_SetRenderState_EdgeAntiAlias@4 0044a3d0 f   d3d8:state.obj
 0002:00001410       _D3DDevice_SetRenderState_ShadowFunc@4 0044a410 f   d3d8:state.obj
 0002:00001450       _D3DDevice_SetRenderState_FogColor@4 0044a450 f   d3d8:state.obj
 0002:000014a0       _D3DDevice_SetRenderState_CullMode@4 0044a4a0 f   d3d8:state.obj
 0002:00001510       _D3DDevice_SetRenderState_FrontFace@4 0044a510 f   d3d8:state.obj
 0002:00001550       _D3DDevice_SetRenderState_NormalizeNormals@4 0044a550 f   d3d8:state.obj
 0002:00001590       _D3DDevice_SetRenderState_TextureFactor@4 0044a590 f   d3d8:state.obj
 0002:000015f0       _D3DDevice_SetRenderState_LineWidth@4 0044a5f0 f   d3d8:state.obj
 0002:00001660       _D3DDevice_SetRenderState_Dxt1NoiseEnable@4 0044a660 f   d3d8:state.obj
 0002:000016e0       _D3DDevice_SetRenderState_ZBias@4 0044a6e0 f   d3d8:state.obj
 0002:00001760       _D3DDevice_SetRenderState_LogicOp@4 0044a760 f   d3d8:state.obj
 0002:000017c0       _D3DDevice_SetRenderState_FillMode@4 0044a7c0 f   d3d8:state.obj
 0002:00001810       _D3DDevice_SetRenderState_BackFillMode@4 0044a810 f   d3d8:state.obj
 0002:00001870       _D3DDevice_SetRenderState_TwoSidedLighting@4 0044a870 f   d3d8:state.obj
 0002:000018f0       _D3DDevice_SetRenderState_VertexBlend@4 0044a8f0 f   d3d8:state.obj
 0002:00001940       _D3DDevice_SetTextureState_TexCoordIndex@8 0044a940 f   d3d8:state.obj
 0002:00001a50       _D3DDevice_SetTextureState_BumpEnv@12 0044aa50 f   d3d8:state.obj
 0002:00001ac0       _D3DDevice_SetTextureState_BorderColor@8 0044aac0 f   d3d8:state.obj
 0002:00001b00       _D3DDevice_SetTextureState_ColorKeyColor@8 0044ab00 f   d3d8:state.obj
 0002:00001b40       _D3DDevice_SetTextureStageStateNotInline@12 0044ab40 f   d3d8:state.obj
 0002:00001c30       ?CommonSetTextureBumpEnv@D3D@@YIPCKPAVCDevice@1@PCK@Z 0044ac30 f   d3d8:state.obj
 0002:00001ca0       ?CommonSetViewport@D3D@@YIPCKPAVCDevice@1@PCK@Z 0044aca0 f   d3d8:state.obj
 0002:00001e90       ?CommonSetControl0@D3D@@YIPCKPAVCDevice@1@PCK@Z 0044ae90 f   d3d8:state.obj
 0002:00001ef0       ?CommonSetDebugRegisters@D3D@@YIXXZ 0044aef0 f   d3d8:state.obj
 0002:00001fc0       ?CommonSetMultiSampleModeAndScale@D3D@@YIXPAVCDevice@1@PBU_D3DVIEWPORT8@@@Z 0044afc0 f   d3d8:state.obj
 0002:00002320       _D3DDevice_SetRenderState_ZEnable@4 0044b320 f   d3d8:state.obj
 0002:000023b0       _D3DDevice_SetRenderState_StencilEnable@4 0044b3b0 f   d3d8:state.obj
 0002:00002450       _D3DDevice_SetRenderState_StencilFail@4 0044b450 f   d3d8:state.obj
 0002:000024c0       _D3DDevice_SetRenderState_YuvEnable@4 0044b4c0 f   d3d8:state.obj
 0002:000024f0       _D3DDevice_SetRenderState_OcclusionCullEnable@4 0044b4f0 f   d3d8:state.obj
 0002:00002560       _D3DDevice_SetRenderState_StencilCullEnable@4 0044b560 f   d3d8:state.obj
 0002:000025d0       _D3DDevice_SetRenderState_RopZCmpAlwaysRead@4 0044b5d0 f   d3d8:state.obj
 0002:000025f0       _D3DDevice_SetRenderState_RopZRead@4 0044b5f0 f   d3d8:state.obj
 0002:00002610       _D3DDevice_SetRenderState_DoNotCullUncompressed@4 0044b610 f   d3d8:state.obj
 0002:00002630       _D3DDevice_SetRenderState_MultiSampleMode@4 0044b630 f   d3d8:state.obj
 0002:00002660       _D3DDevice_SetRenderState_MultiSampleRenderTargetMode@4 0044b660 f   d3d8:state.obj
 0002:00002690       _D3DDevice_SetRenderState_MultiSampleAntiAlias@4 0044b690 f   d3d8:state.obj
 0002:00002710       _D3DDevice_SetRenderState_MultiSampleMask@4 0044b710 f   d3d8:state.obj
 0002:00002760       _D3DDevice_SetRenderState_SampleAlpha@4 0044b760 f   d3d8:state.obj
 0002:000027b0       ?FastCopyToWC@D3D@@YGXPCKPAKK@Z 0044b7b0 f   d3d8:drawprim.obj
 0002:00002840       _D3DDevice_DrawVerticesUP@16 0044b840 f   d3d8:drawprim.obj
 0002:000029b0       _D3DDevice_SetVertexData2f@12 0044b9b0 f   d3d8:drawprim.obj
 0002:000029f0       _D3DDevice_Begin@4         0044b9f0 f   d3d8:drawprim.obj
 0002:00002a30       _D3DDevice_End@0           0044ba30 f   d3d8:drawprim.obj
 0002:00002a80       ?InitializeVertexShaderFromFvf@D3D@@YGXPAUVertexShader@1@K@Z 0044ba80 f   d3d8:vshader.obj
 0002:00002bc0       ?ShadowVertexShaderState@D3D@@YGXPAUVertexShader@1@K@Z 0044bbc0 f   d3d8:vshader.obj
 0002:00002c70       ?ParseProgram@D3D@@YGPCKPCKPBKK@Z 0044bc70 f   d3d8:vshader.obj
 0002:00002ce0       _D3DDevice_LoadVertexShader@8 0044bce0 f   d3d8:vshader.obj
 0002:00002d40       _D3DDevice_SelectVertexShader@8 0044bd40 f   d3d8:vshader.obj
 0002:00002de0       _D3DDevice_SetShaderConstantMode@4 0044bde0 f   d3d8:vshader.obj
 0002:00002f00       ?RestoreVertexShaders@D3D@@YGXPBKK@Z 0044bf00 f   d3d8:vshader.obj
 0002:00002f40       ?CommonSetPassthroughProgram@D3D@@YIXPAVCDevice@1@@Z 0044bf40 f   d3d8:vshader.obj
 0002:00003030       _D3DDevice_SetVertexShader@4 0044c030 f   d3d8:vshader.obj
 0002:000031a0       _Direct3DCreate8@4         0044c1a0 f   d3d8:enum.obj
 0002:00003c90       _D3DDevice_Swap@4          0044cc90 f   d3d8:present.obj
 0002:00003d80       ?GPUScale@D3D@@YGXPAUD3DSurface@@0M@Z 0044cd80 f   d3d8:present.obj
 0002:00003e40       _D3DDevice_Clear@24        0044ce40 f   d3d8:clear.obj
 0002:00004230       _Direct3D_CreateDevice@24  0044d230 f   d3d8:d3ddev.obj
 0002:000042e0       ?CreateSurfaceOfTexture@D3D@@YGPAUD3DSurface@@KKPAUD3DBaseTexture@@PAX@Z 0044d2e0 f   d3d8:surface.obj
 0002:00004340       ?InitializeSurface@D3D@@YGXPAUD3DSurface@@KKPAX@Z 0044d340 f   d3d8:surface.obj
 0002:00004370       _D3DDevice_CreateSurface2@16 0044d370 f   d3d8:surface.obj
 0002:00004400       ?CleanPrivateData@D3D@@YGXPAX@Z 0044d400 f   d3d8:resource.obj
 0002:00004450       ?DestroyResource@D3D@@YGXPAUD3DResource@@@Z 0044d450 f   d3d8:resource.obj
 0002:000044f0       ?IsResourceSetInDevice@D3D@@YGHPAUD3DResource@@@Z 0044d4f0 f   d3d8:resource.obj
 0002:00004530       ?InternalAddRefSurface@D3D@@YGXPAUD3DResource@@@Z 0044d530 f   d3d8:resource.obj
 0002:00004570       _D3DResource_AddRef@4      0044d570 f   d3d8:resource.obj
 0002:000045b0       _D3DResource_Release@4     0044d5b0 f   d3d8:resource.obj
 0002:00004600       ?InternalReleaseSurface@D3D@@YGXPAUD3DResource@@@Z 0044d600 f   d3d8:resource.obj
 0002:00004670       _D3DDevice_CreateTexture2@28 0044d670 f   d3d8:texture.obj
 0002:00004720       _D3DTexture_GetSurfaceLevel2@8 0044d720 f   d3d8:texture.obj
 0002:00004770       _D3DTexture_LockRect@20    0044d770 f   d3d8:texture.obj
 0002:00004793       ?DacProgramVideoStart@CMiniport@D3D@@QAEXK@Z 0044d793 f   d3d8:mpdac.obj
 0002:00004815       ?DacProgramGammaRamp@CMiniport@D3D@@QAEXPAU_D3DGAMMARAMP@@@Z 0044d815 f   d3d8:mpdac.obj
 0002:00004870       ?XformBy4x3@D3D@@YGXPAU_D3DVECTOR@@PBU2@MPBU_D3DMATRIX@@@Z 0044d870 f   d3d8:math.obj
 0002:000048d0       ?MatrixProduct4x4@D3D@@YGXPAU_D3DMATRIX@@PBU2@1@Z 0044d8d0 f   d3d8:math.obj
 0002:000049d0       ?Explut@D3D@@YGXMPAM0@Z    0044d9d0 f   d3d8:math.obj
 0002:00004aa0       ?JBInvSqrt@D3D@@YGMM@Z     0044daa0 f   d3d8:math.obj
 0002:00004b00       ?NormalizeVector3@D3D@@YGXPAU_D3DVECTOR@@@Z 0044db00 f   d3d8:math.obj
 0002:00004b50       ?Inverse4x4@D3D@@YGHPAU_D3DMATRIX@@PBU2@H@Z 0044db50 f   d3d8:math.obj
 0002:000050a0       ?BusyLoop@D3D@@YGXXZ       0044e0a0 f   d3d8:pusher.obj
 0002:000050c0       ?ComputeGap@D3D@@YIKPAVCDevice@1@PAUFence@1@PCK@Z 0044e0c0 f   d3d8:pusher.obj
 0002:000050f0       ?DumpMatrixTransposed@D3D@@YGXPCKKPBU_D3DMATRIX@@@Z 0044e0f0 f   d3d8:pusher.obj
 0002:00005160       ?InitializePushBuffer@CDevice@D3D@@QAEJXZ 0044e160 f   d3d8:pusher.obj
 0002:00005200       ?UninitializePushBuffer@CDevice@D3D@@QAEXXZ 0044e200 f   d3d8:pusher.obj
 0002:00005330       ?GpuGet@CDevice@D3D@@QAEPCKXZ 0044e330 f   d3d8:pusher.obj
 0002:000053b0       ?GpuGetOrNewer@D3D@@YGPCKPAVCDevice@1@H@Z 0044e3b0 f   d3d8:pusher.obj
 0002:00005430       ?FlushWCCache@D3D@@YGXXZ   0044e430 f   d3d8:pusher.obj
 0002:00005460       ?KickOff@CDevice@D3D@@QAEXXZ 0044e460 f   d3d8:pusher.obj
 0002:00005510       ?ReentrantKickOffAndWait@CDevice@D3D@@QAEXXZ 0044e510 f   d3d8:pusher.obj
 0002:00005580       ?SetFence@D3D@@YGKK@Z      0044e580 f   d3d8:pusher.obj
 0002:00005640       ?BlockOnTime@D3D@@YGXKK@Z  0044e640 f   d3d8:pusher.obj
 0002:000057b0       ?MakeRequestedSpace@D3D@@YGPCKKK@Z 0044e7b0 f   d3d8:pusher.obj
 0002:000058f0       _D3DDevice_MakeSpace@0     0044e8f0 f   d3d8:pusher.obj
 0002:00005900       _D3DDevice_BeginStateBig@4 0044e900 f   d3d8:pusher.obj
 0002:00005950       ?KickOffAndWaitForIdle@D3D@@YGXXZ 0044e950 f   d3d8:pusher.obj
 0002:00005970       ?BlockOnResource@D3D@@YGXPAUD3DResource@@@Z 0044e970 f   d3d8:pusher.obj
 0002:000059f0       ?BlockOnNonSurfaceResource@D3D@@YGXPAUD3DResource@@@Z 0044e9f0 f   d3d8:pusher.obj
 0002:00005a30       ?InitializeKelvin@D3D@@YGXXZ 0044ea30 f   d3d8:dxgcreate.obj
 0002:00005b20       ?InitializeHardware@D3D@@YGXXZ 0044eb20 f   d3d8:dxgcreate.obj
 0002:00005c30       ?InitializeD3dState@D3D@@YGXXZ 0044ec30 f   d3d8:dxgcreate.obj
 0002:00005d00       ?FreeFrameBuffers@CDevice@D3D@@QAEXXZ 0044ed00 f   d3d8:dxgcreate.obj
 0002:00005e30       ?InitializeFrameBuffers@CDevice@D3D@@QAEJPAU_D3DPRESENT_PARAMETERS_@@@Z 0044ee30 f   d3d8:dxgcreate.obj
 0002:000063d0       ?Init@CDevice@D3D@@QAEJPAU_D3DPRESENT_PARAMETERS_@@@Z 0044f3d0 f   d3d8:dxgcreate.obj
 0002:000068a0       ?UnInit@CDevice@D3D@@QAEXXZ 0044f8a0 f   d3d8:dxgcreate.obj
 0002:00006a50       _D3DPalette_Lock2@8        0044fa50 f   d3d8:buffer.obj
 0002:00006a70       _D3DPalette_GetSize@4      0044fa70 f   d3d8:buffer.obj
 0002:00006a80       ?FloatToLong@D3D@@YGJM@Z   0044fa80 f   d3d8:floatmath.obj
 0002:00006a90       ?Exp@D3D@@YGMM@Z           0044fa90 f   d3d8:floatmath.obj
 0002:00006af0       ?Log@D3D@@YGMM@Z           0044faf0 f   d3d8:floatmath.obj
 0002:00006b00       ?Log2@D3D@@YIKK@Z          0044fb00 f   d3d8:pixeljar.obj
 0002:00006b10       ?MapToLinearD3DFORMAT@D3D@@YG?AW4_D3DFORMAT@@W42@@Z 0044fb10 f   d3d8:pixeljar.obj
 0002:00006bd0       ?VideoBitsPerPixelOfD3DFORMAT@D3D@@YGKW4_D3DFORMAT@@@Z 0044fbd0 f   d3d8:pixeljar.obj
 0002:00006c00       ?CalcTilePitch@D3D@@YGKKW4_D3DFORMAT@@@Z 0044fc00 f   d3d8:pixeljar.obj
 0002:00006c40       ?GetSurfaceFormat@PixelJar@D3D@@YGKPAUD3DPixelContainer@@0@Z 0044fc40 f   d3d8:pixeljar.obj
 0002:00006d60       ?GetDepthBufferScale@PixelJar@D3D@@YGXPAUD3DPixelContainer@@PAM@Z 0044fd60 f   d3d8:pixeljar.obj
 0002:00006dd0       ?FindSurfaceWithinTexture@PixelJar@D3D@@YGXPAUD3DPixelContainer@@W4_D3DCUBEMAP_FACES@@IPAPAEPAK333@Z 0044fdd0 f   d3d8:pixeljar.obj
 0002:00007000       ?Lock2DSurface@PixelJar@D3D@@YGXPAUD3DPixelContainer@@W4_D3DCUBEMAP_FACES@@IPAU_D3DLOCKED_RECT@@PBUtagRECT@@K@Z 00450000 f   d3d8:pixeljar.obj
 0002:000070a0       ?EncodeFormat@PixelJar@D3D@@YGKKKKKW4_D3DFORMAT@@KHHPAK1@Z 004500a0 f   d3d8:pixeljar.obj
 0002:00007295       ?GetDisplayCapabilities@CMiniport@D3D@@SGKXZ 00450295 f   d3d8:mpmode.obj
 0002:000072b4       ?GetTableForCurrentAvInfo@D3D@@YGPBUDISPLAYMODE@1@XZ 004502b4 f   d3d8:mpmode.obj
 0002:0000732d       ?SetVideoMode@CMiniport@D3D@@QAEJKKKKW4_D3DFORMAT@@KK@Z 0045032d f   d3d8:mpmode.obj
 0002:000075a0       ?IsFlipPending@CMiniport@D3D@@QAEHXZ 004505a0 f   d3d8:mpintr.obj
 0002:000075c0       ?GetTime@CMiniport@D3D@@QAEKXZ 004505c0 f i d3d8:mpintr.obj
 0002:000075d0       ?Isr@CMiniport@D3D@@SGEPAU_KINTERRUPT@@PAX@Z 004505d0 f   d3d8:mpintr.obj
 0002:000076f0       ?ServiceQueuedFlips@CMiniport@D3D@@AAEKXZ 004506f0 f   d3d8:mpintr.obj
 0002:000077d0       ?VBlank@CMiniport@D3D@@AAEKXZ 004507d0 f   d3d8:mpintr.obj
 0002:000078e0       ?ServiceTimerInterrupt@CMiniport@D3D@@AAEKXZ 004508e0 f   d3d8:mpintr.obj
 0002:00007a10       ?ShutdownNotification@CMiniport@D3D@@SGXPAU_HAL_SHUTDOWN_REGISTRATION@@@Z 00450a10 f   d3d8:mpintr.obj
 0002:00007a80       ?ReportHardwareError@D3D@@YGXKKKK@Z 00450a80 f   d3d8:mpintr.obj
 0002:00007ad0       ?SoftwareMethod@CMiniport@D3D@@AAEXK@Z 00450ad0 f   d3d8:mpintr.obj
 0002:00007d40       ?ServiceGrInterrupt@CMiniport@D3D@@AAEKXZ 00450d40 f   d3d8:mpintr.obj
 0002:00007df0       ?ServiceFifoInterrupt@CMiniport@D3D@@AAEKXZ 00450df0 f   d3d8:mpintr.obj
 0002:00007f80       ?Dpc@CMiniport@D3D@@SGXPAU_KDPC@@PAX11@Z 00450f80 f   d3d8:mpintr.obj
 0002:00008057       ?ReserveInstMem@CMiniport@D3D@@AAEKK@Z 00451057 f   d3d8:mpcore.obj
 0002:0000806a       ?InitGammaRamp@CMiniport@D3D@@AAEXK@Z 0045106a f   d3d8:mpcore.obj
 0002:000080aa       ?InitDMAChannel@CMiniport@D3D@@QAEHKPAUOBJECTINFO@12@0KPAPAX@Z 004510aa f   d3d8:mpcore.obj
 0002:0000810d       ?BindToChannel@CMiniport@D3D@@QAEHPAUOBJECTINFO@12@@Z 0045110d f   d3d8:mpcore.obj
 0002:00008141       ?MapRegisters@CMiniport@D3D@@AAEHXZ 00451141 f   d3d8:mpcore.obj
 0002:0000816c       ?GetGeneralInfo@CMiniport@D3D@@AAEHXZ 0045116c f   d3d8:mpcore.obj
 0002:000081ad       ?InitEngines@CMiniport@D3D@@AAEHXZ 004511ad f   d3d8:mpcore.obj
 0002:00008230       ?LoadEngines@CMiniport@D3D@@AAEHXZ 00451230 f   d3d8:mpcore.obj
 0002:000082c8       ?GetAddressInfo@CMiniport@D3D@@AAEXPAXPAPAXPAKH@Z 004512c8 f   d3d8:mpcore.obj
 0002:00008322       ?CreateCtxDmaObject@CMiniport@D3D@@QAEHKKPAXKPAUOBJECTINFO@12@@Z 00451322 f   d3d8:mpcore.obj
 0002:000083f1       ?CreateGrObject@CMiniport@D3D@@QAEHKKPAUOBJECTINFO@12@@Z 004513f1 f   d3d8:mpcore.obj
 0002:00008481       ?TilingUpdateIdle@CMiniport@D3D@@QAEXPAK@Z 00451481 f   d3d8:mpcore.obj
 0002:000084ec       ?GetTimerTime@CMiniport@D3D@@AAE_KXZ 004514ec f   d3d8:mpcore.obj
 0002:00008501       ?EnableTimer@CMiniport@D3D@@AAEXH@Z 00451501 f   d3d8:mpcore.obj
 0002:0000851f       ?SetTimerAlarm@CMiniport@D3D@@AAEX_KH@Z 0045151f f   d3d8:mpcore.obj
 0002:000085ed       ?ApplyLGSFix@CMiniport@D3D@@QAEXXZ 004515ed f   d3d8:mpcore.obj
 0002:00008634       ?InitHardware@CMiniport@D3D@@QAEHXZ 00451634 f   d3d8:mpcore.obj
 0002:00008796       ?CreateTile@CMiniport@D3D@@QAEHKKKKKKK@Z 00451796 f   d3d8:mpcore.obj
 0002:00008984       ?DestroyTile@CMiniport@D3D@@QAEHKK@Z 00451984 f   d3d8:mpcore.obj
 0002:00008a46       ?ShutdownEngines@CMiniport@D3D@@QAEXXZ 00451a46 f   d3d8:mpcore.obj
 0002:00008cb0       ?LazySetPointParams@D3D@@YGXPAVCDevice@1@@Z 00451cb0 f   d3d8:lazy.obj
 0002:00008e20       ?LazySetShaderStageProgram@D3D@@YGXPAVCDevice@1@@Z 00451e20 f   d3d8:lazy.obj
 0002:000091a0       ?LazySetTextureState@D3D@@YGXPAVCDevice@1@K@Z 004521a0 f   d3d8:lazy.obj
 0002:00009390       ?LazySetSpecFogCombiner@D3D@@YGXPAVCDevice@1@@Z 00452390 f   d3d8:lazy.obj
 0002:00009570       ?LazySetTextureTransform@D3D@@YGXPAVCDevice@1@@Z 00452570 f   d3d8:lazy.obj
 0002:00009d20       ?LazySetLights@D3D@@YGXPAVCDevice@1@K@Z 00452d20 f   d3d8:lazy.obj
 0002:0000a070       ?LazySetTransform@D3D@@YGXPAVCDevice@1@K@Z 00453070 f   d3d8:lazy.obj
 0002:0000a270       ?LazySetState@D3D@@YGXXZ   00453270 f   d3d8:lazy.obj
 0002:0000a2f0       ?LazySetStateUP@CDevice@D3D@@QAEXXZ 004532f0 f   d3d8:lazy.obj
 0002:0000a430       _D3DDevice_SetPixelShader@4 00453430 f   d3d8:pshader.obj
 0002:0000a630       ?InitSurfaceHeader@D3D@@YGXIIW4_D3DFORMAT@@PAUD3DSurface@@II@Z 00453630 f   d3d8:shadersnapshot.obj
 0002:0000a680       ?HandleShaderSnapshotPreSwap@D3D@@YGXXZ 00453680 f   d3d8:shadersnapshot.obj
 0002:0000a730       ?HandleMovieFrameIdle@D3D@@YGXXZ 00453730 f   d3d8:shadersnapshot.obj
 0002:0000aac0       ?HandleShaderSnapshotOpcode@D3D@@YGXXZ 00453ac0 f   d3d8:shadersnapshot.obj
 0002:0000b030       ?DBGPRINT@D3D@@YAXPADZZ    00454030 f   d3d8:debug.obj
 0002:0000b070       ?FixupPushBuffer@D3D@@YGXPAUPushBufferFixup@1@@Z 00454070 f   d3d8:pushres.obj
 0002:0000b101       ?HalMcControlInit@CMiniport@D3D@@AAEXXZ 00454101 f   d3d8:mphal.obj
 0002:0000b268       ?HalFbControlInit@CMiniport@D3D@@AAEXXZ 00454268 f   d3d8:mphal.obj
 0002:0000b366       ?HalDacControlInit@CMiniport@D3D@@AAEXXZ 00454366 f   d3d8:mphal.obj
 0002:0000b435       ?HalVideoControlInit@CMiniport@D3D@@AAEXXZ 00454435 f   d3d8:mphal.obj
 0002:0000b46b       ?HalGrControlInit@CMiniport@D3D@@AAEXXZ 0045446b f   d3d8:mphal.obj
 0002:0000b49b       ?HalFifoControlInit@CMiniport@D3D@@AAEXXZ 0045449b f   d3d8:mphal.obj
 0002:0000b50c       ?HalGrIdle@CMiniport@D3D@@AAEXXZ 0045450c f   d3d8:mphal.obj
 0002:0000b54b       ?HalGrUnloadChannelContext@CMiniport@D3D@@AAEXK@Z 0045454b f   d3d8:mphal.obj
 0002:0000b584       ?HalFifoContextSwitch@CMiniport@D3D@@AAEXK@Z 00454584 f   d3d8:mphal.obj
 0002:0000b781       ?HalDacLoad@CMiniport@D3D@@AAEXXZ 00454781 f   d3d8:mphal.obj
 0002:0000b793       ?HalFifoAllocDMA@CMiniport@D3D@@AAEXKKKPAUOBJECTINFO@12@@Z 00454793 f   d3d8:mphal.obj
 0002:0000b920       ?HalFifoHashAdd@CMiniport@D3D@@AAEXKKKKK@Z 00454920 f   d3d8:mphal.obj
 0002:0000b959       ?HalGrInitObjectContext@CMiniport@D3D@@AAEXKK@Z 00454959 f   d3d8:mphal.obj
 0002:0000b9ce       ?HalGrInit3d@CMiniport@D3D@@AAEXXZ 004549ce f   d3d8:mphal.obj
 0002:0000c3ad       ?HalGrLoadChannelContext@CMiniport@D3D@@AAEXK@Z 004553ad f   d3d8:mphal.obj
 0002:0000c4d0       ?HalFifoControlLoad@CMiniport@D3D@@AAEXXZ 004554d0 f   d3d8:mphal.obj
 0002:0000c551       ?HalGrControlLoad@CMiniport@D3D@@AAEXXZ 00455551 f   d3d8:mphal.obj
 0002:0000c870       ?LazySetCombiners@D3D@@YGKPAVCDevice@1@K@Z 00455870 f   d3d8:combiner.obj
 0002:0000ce30       ?g_DefaultViewport@D3D@@3U_D3DVIEWPORT8@@B 00455e30     d3d8:d3dbase.obj
 0002:0000ce60       ?g_TilePitches@D3D@@3QBKB  00455e60     d3d8:d3dbase.obj
 0002:0000cec8       ?g_TextureFormat@D3D@@3QBEB 00455ec8     d3d8:d3dbase.obj
 0002:0000cf0c       ?g_TransformDirtyTable@D3D@@3QBKB 00455f0c     d3d8:d3dbase.obj
 0002:0000cf34       ?g_LODBias2x@D3D@@3QBMB    00455f34     d3d8:state.obj
 0002:0000cf50       ?g_ComplexRenderStateFunctionTable@D3D@@3QBQ6GXK@ZB 00455f50     d3d8:state.obj
 0002:0000cfcc       ?g_BytesPerUnit@D3D@@3QBEB 00455fcc     d3d8:vshader.obj
 0002:0000cfd4       ?g_UnitsOfElement@D3D@@3QBEB 00455fd4     d3d8:vshader.obj
 0002:0000cfe0       ?g_IdentityMatrix@D3D@@3U_D3DMATRIX@@B 00455fe0     d3d8:vshader.obj
 0002:0000d020       ?g_FixedFunctionPipelineConstants@D3D@@3QBKB 00456020     d3d8:vshader.obj
 0002:0000d050       ?g_PassthruProgramWFog@D3D@@3QBKB 00456050     d3d8:vshader.obj
 0002:0000d110       ?g_PassthruProgramZFog@D3D@@3QBKB 00456110     d3d8:vshader.obj
 0002:0000d1c0       ?g_PassthruProgramSpecularFog@D3D@@3QBKB 004561c0     d3d8:vshader.obj
 0002:0000d280       ?g_TextureCount@D3D@@3QBKB 00456280     d3d8:vshader.obj
 0002:0000d290       ?g_AntiAliasedTextureStates@D3D@@3QBKB 00456290     d3d8:present.obj
 0002:0000d2e8       ?g_AntiAliasedRenderStates@D3D@@3QBKB 004562e8     d3d8:present.obj
 0002:0000d388       ?g_PassthruProgramPositionAndTexture@D3D@@3QBKB 00456388     d3d8:present.obj
 0002:0000d3b0       ?g_Mar@D3D@@3QBMB          004563b0     d3d8:math.obj
 0002:0000d430       ?g_Lar@D3D@@3QBMB          00456430     d3d8:math.obj
 0002:0000d4b0       ?g_InitialTextureStates@D3D@@3QBEB 004564b0     d3d8:dxgcreate.obj
 0002:0000d4d0       ?g_InitialRenderStates@D3D@@3QBKB 004564d0     d3d8:dxgcreate.obj
 0002:0000d688       ?g_DisplayModes@D3D@@3QBUDISPLAYMODE@1@B 00456688     d3d8:mpmode.obj
 0002:0000df38       ??_C@_0ED@CEHICPLJ@?5?5?5Type?3?5?$CFi?6?5Source?3?5?$CF08x?6?5?5Clas@ 00456f38     d3d8:mpintr.obj
 0002:0000df80       ??_C@_0FL@LBCDANFN@GPU?5generated?5an?5error?$CB?6Try?5repr@ 00456f80     d3d8:mpintr.obj
 0002:0000dfdc       ?g_MinFilter@D3D@@3QAY02$$CBKA 00456fdc     d3d8:precomp.obj
 0002:0000dffc       ??_C@_0CA@GJMEKBLB@Wait?5for?5image?5write?5timed?9out?6?$AA@ 00456ffc     d3d8:shadersnapshot.obj
 0002:0000e01c       ??_C@_0BP@BPOFKPAI@Wait?5for?5image?5read?5timed?9out?6?$AA@ 0045701c     d3d8:shadersnapshot.obj
 0002:0000e03c       ??_C@_0DB@PLEMIDFP@Unable?5to?5re?9open?5movie?5cache?5fi@ 0045703c     d3d8:shadersnapshot.obj
 0002:0000e070       ??_C@_05CCMOGDN@?$CFs?3?$CFs?$AA@ 00457070     d3d8:shadersnapshot.obj
 0002:0000e078       ??_C@_0N@HDMAKJFI@1?400?45849?415?$AA@ 00457078     d3d8:shadersnapshot.obj
 0002:0000e088       ??_C@_07LHBDFJPO@Release?$AA@ 00457088     d3d8:shadersnapshot.obj
 0002:0000e090       ??_C@_0BM@PMANFOOE@createfile?5error?5?9?5st?$DN?$CF08x?6?$AA@ 00457090     d3d8:shadersnapshot.obj
 0002:0000e0ac       ??_C@_0CF@JAIFDFBO@GetDiskFreeSpaceEx?5failed?5with?5?$CF@ 004570ac     d3d8:shadersnapshot.obj
 0002:0000e0d4       ??_C@_02HGOPDIBI@t?3?$AA@  004570d4     d3d8:shadersnapshot.obj
 0002:0000e1c8       ??_C@_09FBGPICKC@CopyRects?$AA@ 004571c8     d3d8:pushres.obj
 0002:0000e1d4       ??_C@_0BC@JNDDCMEE@EndVisibilityTest?$AA@ 004571d4     d3d8:pushres.obj
 0002:0000e1e8       ??_C@_0L@BGIJEDPF@SetPalette?$AA@ 004571e8     d3d8:pushres.obj
 0002:0000e1f4       ??_C@_0L@BPHKIMHE@SetTexture?$AA@ 004571f4     d3d8:pushres.obj
 0002:0000e200       ??_C@_0BF@MPBJCMNM@SetVertexShaderInput?$AA@ 00457200     d3d8:pushres.obj
 0002:0000e218       ??_C@_0BA@LPDJAFGN@SetRenderTarget?$AA@ 00457218     d3d8:pushres.obj
 0002:0000e230       ?g_OverscanColor@D3D@@3KA  00457230     d3d8:d3dbase.obj
 0002:0000e234       ?g_SoftDisplayFilterValue@D3D@@3HA 00457234     d3d8:d3dbase.obj
 0002:0000e238       ?g_FlickerFilterValue@D3D@@3KA 00457238     d3d8:d3dbase.obj
 0002:0000e23c       ?g_SoftDisplayFilterSet@D3D@@3HA 0045723c     d3d8:d3dbase.obj
 0002:0000e240       ?g_FlickerFilterSet@D3D@@3HA 00457240     d3d8:d3dbase.obj
 0002:0000e250       ?g_VertexShaderConstants@@3PAY03MA 00457250     d3d8:globals.obj
 0002:0000ee50       ?g_NullHardwareGetPut@@3PAKA 00457e50     d3d8:globals.obj
 0002:0000ee58       _D3D__AvInfo               00457e58     d3d8:globals.obj
 0002:0000ee5c       _D3D__GpuReg               00457e5c     d3d8:globals.obj
 0002:0000ee60       _D3D__NullHardware         00457e60     d3d8:globals.obj
 0002:0000ee64       _D3D__IndexData            00457e64     d3d8:globals.obj
 0002:0000ee68       _D3D__DirtyFlags           00457e68     d3d8:globals.obj
 0002:0000ee70       _D3D__TextureState         00457e70     d3d8:globals.obj
 0002:0000f070       _D3D__RenderState          00458070     d3d8:globals.obj
 0002:0000f308       _D3D__pDevice              00458308     d3d8:globals.obj
 0002:0000f310       _D3D__Device               00458310     d3d8:globals.obj
 0002:000117b0       ?g_Stream@D3D@@3PAUStream@1@A 0045a7b0     d3d8:vshader.obj
 0002:00011870       ?g_DirectVertexShader@D3D@@3UVertexShader@1@A 0045a870     d3d8:vshader.obj
 0002:00011988       ?g_FvfVertexShader@D3D@@3UVertexShader@1@A 0045a988     d3d8:vshader.obj
 0002:00011aa4       ?m_PushSegmentSize@CDevice@D3D@@2KA 0045aaa4     d3d8:dxgcreate.obj
 0002:00011aa8       ?m_PushBufferSize@CDevice@D3D@@2KA 0045aaa8     d3d8:dxgcreate.obj
 0002:00011aac       ?g_VideoOffset@D3D@@3KA    0045aaac     d3d8:mpintr.obj
 0002:00011af0       ?g_pFixup@D3D@@3PAUD3DFixup@@A 0045aaf0     d3d8:pushres.obj
 0003:0000002d       _D3DXMatrixTranslation@16  0045b02d f   d3dx8:d3dxmath.obj
 0003:00000089       _D3DXMatrixRotationX@8     0045b089 f   d3dx8:d3dxmath.obj
 0003:00000103       _D3DXMatrixRotationY@8     0045b103 f   d3dx8:d3dxmath.obj
 0003:0000017e       _D3DXMatrixPerspectiveFovLH@20 0045b17e f   d3dx8:d3dxmath.obj
 0003:00000212       _D3DXMatrixOrthoLH@20      0045b212 f   d3dx8:d3dxmath.obj
 0003:00000286       ??KD3DXVECTOR3@@QBE?AU0@M@Z 0045b286 f i d3dx8:d3dxmath.obj
 0003:000002ae       ?D3DXVec3LengthSq@@YAMPBUD3DXVECTOR3@@@Z 0045b2ae f i d3dx8:d3dxmath.obj
 0003:000002d1       ?D3DXVec3Cross@@YAPAUD3DXVECTOR3@@PAU1@PBU1@1@Z 0045b2d1 f i d3dx8:d3dxmath.obj
 0003:0000031d       ?D3DXVec3Subtract@@YAPAUD3DXVECTOR3@@PAU1@PBU1@1@Z 0045b31d f i d3dx8:d3dxmath.obj
 0003:00000342       _D3DXVec3Normalize@8       0045b342 f   d3dx8:d3dxmath.obj
 0003:000003be       _D3DXMatrixMultiply@12     0045b3be f   d3dx8:d3dxmath.obj
 0003:000004a1       _D3DXMatrixLookAtLH@16     0045b4a1 f   d3dx8:d3dxmath.obj
 0004:00000000       ??0Swizzler@@QAE@XZ        0045c000 f i xgraphics:swizzler.obj
 0004:0000001f       ?Init@Swizzler@@QAEXKKK@Z  0045c01f f i xgraphics:swizzler.obj
 0004:00000080       ?SwizzleU@Swizzler@@QAEKK@Z 0045c080 f i xgraphics:swizzler.obj
 0004:000000a9       ?SwizzleV@Swizzler@@QAEKK@Z 0045c0a9 f i xgraphics:swizzler.obj
 0004:000000d2       ?Log2@XGRAPHICS@@YIKK@Z    0045c0d2 f i xgraphics:swizzler.obj
 0004:000000dc       ?GetMasks2@XGRAPHICS@@YGXHHPAK0@Z 0045c0dc f i xgraphics:swizzler.obj
 0004:00000150       ?swiz2d_8bit@XGRAPHICS@@YGXPBXPAXHH@Z 0045c150 f   xgraphics:swizzler.obj
 0004:00000250       ?swiz2d_16bit@XGRAPHICS@@YGXPBXPAXHH@Z 0045c250 f   xgraphics:swizzler.obj
 0004:0000034e       ?swiz2d_32bit@XGRAPHICS@@YGXPBXPAXHH@Z 0045c34e f   xgraphics:swizzler.obj
 0004:00000447       ?unswiz2d_8bit@XGRAPHICS@@YGXPBXPAXHH@Z 0045c447 f   xgraphics:swizzler.obj
 0004:0000052a       ?unswiz2d_16bit@XGRAPHICS@@YGXPBXPAXHH@Z 0045c52a f   xgraphics:swizzler.obj
 0004:0000063c       ?unswiz2d_32bit@XGRAPHICS@@YGXPBXPAXHH@Z 0045c63c f   xgraphics:swizzler.obj
 0004:00000732       ?Swizzle1x1Column@?$XGInternalSwizzler@K@XGRAPHICS@@SGXPAUXGINTERNALSWIZZLE@2@@Z 0045c732 f i xgraphics:swizzler.obj
 0004:000007b3       ?Unswizzle1x1Column@?$XGInternalSwizzler@K@XGRAPHICS@@SGXPAUXGINTERNALSWIZZLE@2@@Z 0045c7b3 f i xgraphics:swizzler.obj
 0004:00000834       ?Swizzle2x1@?$XGInternalSwizzler@K@XGRAPHICS@@SGXPAUXGINTERNALSWIZZLE@2@@Z 0045c834 f i xgraphics:swizzler.obj
 0004:00000908       ?Unswizzle2x1@?$XGInternalSwizzler@K@XGRAPHICS@@SGXPAUXGINTERNALSWIZZLE@2@@Z 0045c908 f i xgraphics:swizzler.obj
 0004:000009dc       ?Swizzle1x1Column@?$XGInternalSwizzler@G@XGRAPHICS@@SGXPAUXGINTERNALSWIZZLE@2@@Z 0045c9dc f i xgraphics:swizzler.obj
 0004:00000a5f       ?Unswizzle1x1Column@?$XGInternalSwizzler@G@XGRAPHICS@@SGXPAUXGINTERNALSWIZZLE@2@@Z 0045ca5f f i xgraphics:swizzler.obj
 0004:00000ae2       ?Swizzle2x1@?$XGInternalSwizzler@G@XGRAPHICS@@SGXPAUXGINTERNALSWIZZLE@2@@Z 0045cae2 f i xgraphics:swizzler.obj
 0004:00000bae       ?Unswizzle2x1@?$XGInternalSwizzler@G@XGRAPHICS@@SGXPAUXGINTERNALSWIZZLE@2@@Z 0045cbae f i xgraphics:swizzler.obj
 0004:00000c7a       ?Swizzle1x1Column@?$XGInternalSwizzler@E@XGRAPHICS@@SGXPAUXGINTERNALSWIZZLE@2@@Z 0045cc7a f i xgraphics:swizzler.obj
 0004:00000cf5       ?Unswizzle1x1Column@?$XGInternalSwizzler@E@XGRAPHICS@@SGXPAUXGINTERNALSWIZZLE@2@@Z 0045ccf5 f i xgraphics:swizzler.obj
 0004:00000d70       ?Swizzle2x1@?$XGInternalSwizzler@_J@XGRAPHICS@@SGXPAUXGINTERNALSWIZZLE@2@@Z 0045cd70 f i xgraphics:swizzler.obj
 0004:00000e4c       ?Unswizzle2x1@?$XGInternalSwizzler@_J@XGRAPHICS@@SGXPAUXGINTERNALSWIZZLE@2@@Z 0045ce4c f i xgraphics:swizzler.obj
 0004:00000f28       _XGSwizzleRect@32          0045cf28 f   xgraphics:swizzler.obj
 0004:00001679       _XGUnswizzleRect@32        0045d679 f   xgraphics:swizzler.obj
 0005:00000000       ?RemoveEntryList@@YGPAU_LIST_ENTRY@@PAU1@@Z 0045e000 f i dsound:dsapi.obj
 0005:00000030       ?Raise@CIrql@DirectSound@@QAEXXZ 0045e030 f i dsound:dsapi.obj
 0005:00000052       ?Lower@CIrql@DirectSound@@QAEXXZ 0045e052 f i dsound:dsapi.obj
 0005:00000069       ?Save@CFpState@DirectSound@@QAEXXZ 0045e069 f i dsound:dsapi.obj
 0005:0000008e       ?Restore@CFpState@DirectSound@@QAEXXZ 0045e08e f i dsound:dsapi.obj
 0005:000000ac       ?AddRef@CRefCount@DirectSound@@UAGKXZ 0045e0ac f i dsound:dsapi.obj
 0005:000000b9       ?AbsoluteRelease@CRefCount@DirectSound@@UAGXXZ 0045e0b9 f i dsound:dsapi.obj
 0005:000000ca       ?Release@CRefCount@DirectSound@@UAGKXZ 0045e0ca f i dsound:dsapi.obj
 0005:000000f4       ?AmplitudeToVolume@Math@DirectSound@@YGJM@Z 0045e0f4 f i dsound:dsapi.obj
 0005:00000141       ?CalcPolarCoords@CHRTFSource@DirectSound@@SGXKABU_D3DVECTOR@@000MPAM1@Z 0045e141 f i dsound:dsapi.obj
 0005:0000016a       ?GetDistanceVolume@CHRTFSource@DirectSound@@SGXMMMPBMKMHPAJ@Z 0045e16a f i dsound:dsapi.obj
 0005:000001a1       ?GetConeVolume@CHRTFSource@DirectSound@@SGXKKJMPAJ@Z 0045e1a1 f i dsound:dsapi.obj
 0005:000001c1       ?GetFrontRearVolume@CHRTFSource@DirectSound@@SGXMMMMHPAJ0@Z 0045e1c1 f i dsound:dsapi.obj
 0005:000001f5       ?GetCenterVolume@CHRTFSource@DirectSound@@SGXMMPAJ0@Z 0045e1f5 f i dsound:dsapi.obj
 0005:00000217       ?GetDopplerPitch@CHRTFSource@DirectSound@@SGXMMMPAJ@Z 0045e217 f i dsound:dsapi.obj
 0005:0000023e       ?DirectSoundEnterCriticalSection@@YGHXZ 0045e23e f i dsound:dsapi.obj
 0005:0000025c       _IDirectSound_Release@4    0045e25c f   dsound:dsapi.obj
 0005:00000272       _IDirectSoundBuffer_Unlock@20 0045e272 f   dsound:dsapi.obj
 0005:00000277       _IDirectSoundBuffer_Release@4 0045e277 f   dsound:dsapi.obj
 0005:0000028d       _XAudioCalculatePitch@4    0045e28d f   dsound:dsapi.obj
 0005:000002d7       ?SetEffectImageLocations@CDirectSoundSettings@DirectSound@@QAEXPBU_DSEFFECTIMAGELOC@@@Z 0045e2d7 f   dsound:dsapi.obj
 0005:000002f9       ??0CDirectSound@DirectSound@@QAE@XZ 0045e2f9 f   dsound:dsapi.obj
 0005:00000316       ?AddRef@CDirectSound@DirectSound@@UAGKXZ 0045e316 f i dsound:dsapi.obj
 0005:00000316       ?AddRef@CDirectSoundBuffer@DirectSound@@UAGKXZ 0045e316 f i dsound:dsapi.obj
 0005:0000035d       ??1CDirectSound@DirectSound@@UAE@XZ 0045e35d f   dsound:dsapi.obj
 0005:00000397       ?DoWork@CDirectSound@DirectSound@@QAGXXZ 0045e397 f   dsound:dsapi.obj
 0005:000003c8       ?IncludeSubMixBin@CDirectSoundVoiceSettings@DirectSound@@IAEXK@Z 0045e3c8 f   dsound:dsapi.obj
 0005:00000436       ??1CDirectSoundVoice@DirectSound@@UAE@XZ 0045e436 f   dsound:dsapi.obj
 0005:00000483       ?SetVolume@CDirectSoundVoice@DirectSound@@QAGJJ@Z 0045e483 f   dsound:dsapi.obj
 0005:0000049f       ?SetNotificationPositions@CDirectSoundBufferSettings@DirectSound@@QAEJKPBU_DSBPOSITIONNOTIFY@@@Z 0045e49f f   dsound:dsapi.obj
 0005:00000574       ??1CDirectSoundBuffer@DirectSound@@UAE@XZ 0045e574 f   dsound:dsapi.obj
 0005:000005a7       ?Release@CDirectSoundBuffer@DirectSound@@UAGKXZ 0045e5a7 f i dsound:dsapi.obj
 0005:000005f1       ?Play@CDirectSoundBuffer@DirectSound@@QAGJKKK@Z 0045e5f1 f   dsound:dsapi.obj
 0005:00000642       ?Stop@CDirectSoundBuffer@DirectSound@@QAGJXZ 0045e642 f   dsound:dsapi.obj
 0005:00000691       ?GetStatus@CDirectSoundBuffer@DirectSound@@QAGJPAK@Z 0045e691 f   dsound:dsapi.obj
 0005:000006e2       ?GetCurrentPosition@CDirectSoundBuffer@DirectSound@@QAGJPAK0@Z 0045e6e2 f   dsound:dsapi.obj
 0005:00000737       ?Lock@CDirectSoundBuffer@DirectSound@@QAGJKKPAPAXPAK01K@Z 0045e737 f   dsound:dsapi.obj
 0005:00000819       ?SetCurrentPosition@CDirectSoundBuffer@DirectSound@@QAGJK@Z 0045e819 f   dsound:dsapi.obj
 0005:0000086a       ?GetVoiceData@CDirectSound3DCalculator@DirectSound@@SGXPBU_DS3DCALCLISTENER@@PBU_DS3DCALCBUFFER@@PBU_DS3DCALCI3DL2LISTENER@@PBU_DS3DCALCI3DL2BUFFER@@PAU_DS3DCALCVOICEDATA@@@Z 0045e86a f   dsound:dsapi.obj
 0005:00000b4b       ??$__AddRef@VCDirectSound@DirectSound@@@DirectSound@@YGPAVCDirectSound@0@PAV10@@Z 0045eb4b f i dsound:dsapi.obj
 0005:00000b4b       ??$__AddRef@VCDirectSoundBuffer@DirectSound@@@DirectSound@@YGPAVCDirectSoundBuffer@0@PAV10@@Z 0045eb4b f i dsound:dsapi.obj
 0005:00000b4b       ??$__AddRef@VCDirectSoundBufferSettings@DirectSound@@@DirectSound@@YGPAVCDirectSoundBufferSettings@0@PAV10@@Z 0045eb4b f i dsound:mcpbuf.obj
 0005:00000b4b       ??$__AddRef@VCDirectSoundSettings@DirectSound@@@DirectSound@@YGPAVCDirectSoundSettings@0@PAV10@@Z 0045eb4b f i dsound:mcpxcore.obj
 0005:00000b4b       ??$__AddRef@VCDirectSoundVoiceSettings@DirectSound@@@DirectSound@@YGPAVCDirectSoundVoiceSettings@0@PAV10@@Z 0045eb4b f i dsound:dsapi.obj
 0005:00000b4b       ??$__AddRef@VCMcpxAPU@DirectSound@@@DirectSound@@YGPAVCMcpxAPU@0@PAV10@@Z 0045eb4b f i dsound:mcpvoice.obj
 0005:00000b4b       ??$__AddRef@VCMcpxSlopMemoryHeap@DirectSound@@@DirectSound@@YGPAVCMcpxSlopMemoryHeap@0@PAV10@@Z 0045eb4b f i dsound:mcpxcore.obj
 0005:00000b4b       ??$__AddRef@VCMcpxVoiceClient@DirectSound@@@DirectSound@@YGPAVCMcpxVoiceClient@0@PAV10@@Z 0045eb4b f i dsound:dsapi.obj
 0005:00000b60       ??_ECDirectSoundSettings@DirectSound@@UAEPAXI@Z 0045eb60 f i dsound:dsapi.obj
 0005:00000b60       ??_ECRefCount@DirectSound@@UAEPAXI@Z 0045eb60 f i dsound:dsapi.obj
 0005:00000b60       ??_GCDirectSoundSettings@DirectSound@@UAEPAXI@Z 0045eb60 f i dsound:dsapi.obj
 0005:00000b60       ??_GCRefCount@DirectSound@@UAEPAXI@Z 0045eb60 f i dsound:dsapi.obj
 0005:00000b7c       ?SetVolume@CDirectSoundBuffer@DirectSound@@QAGJJ@Z 0045eb7c f i dsound:dsapi.obj
 0005:00000bca       _IDirectSoundBuffer_SetVolume@8 0045ebca f   dsound:dsapi.obj
 0005:00000be6       _IDirectSoundBuffer_Play@16 0045ebe6 f   dsound:dsapi.obj
 0005:00000c0a       _IDirectSoundBuffer_Stop@4 0045ec0a f   dsound:dsapi.obj
 0005:00000c22       _IDirectSoundBuffer_GetStatus@8 0045ec22 f   dsound:dsapi.obj
 0005:00000c3e       _IDirectSoundBuffer_GetCurrentPosition@12 0045ec3e f   dsound:dsapi.obj
 0005:00000c5e       _IDirectSoundBuffer_SetCurrentPosition@8 0045ec5e f   dsound:dsapi.obj
 0005:00000c7a       _IDirectSoundBuffer_Lock@32 0045ec7a f   dsound:dsapi.obj
 0005:00000caa       _DirectSoundDoWork@0       0045ecaa f   dsound:dsapi.obj
 0005:00000cd3       ??_ECDirectSound@DirectSound@@UAEPAXI@Z 0045ecd3 f i dsound:dsapi.obj
 0005:00000cd3       ??_GCDirectSound@DirectSound@@UAEPAXI@Z 0045ecd3 f i dsound:dsapi.obj
 0005:00000cee       ?SetMixBins@CDirectSoundVoiceSettings@DirectSound@@QAEXPBU_DSMIXBINS@@@Z 0045ecee f   dsound:dsapi.obj
 0005:00000db9       ?SetOutputBuffer@CDirectSoundVoiceSettings@DirectSound@@QAEXPAVCDirectSoundBuffer@2@@Z 0045edb9 f   dsound:dsapi.obj
 0005:00000e8c       ??0CDirectSoundVoice@DirectSound@@QAE@PAVCDirectSound@1@@Z 0045ee8c f   dsound:dsapi.obj
 0005:00000eb6       ??_ECDirectSoundVoice@DirectSound@@UAEPAXI@Z 0045eeb6 f i dsound:dsapi.obj
 0005:00000eb6       ??_GCDirectSoundVoice@DirectSound@@UAEPAXI@Z 0045eeb6 f i dsound:dsapi.obj
 0005:00000ed1       ?Initialize@CDirectSoundVoice@DirectSound@@QAGXPAVCMcpxVoiceClient@2@PAVCDirectSoundVoiceSettings@2@@Z 0045eed1 f   dsound:dsapi.obj
 0005:00000f68       ?SetPlayRegion@CDirectSoundBufferSettings@DirectSound@@QAEXKK@Z 0045ef68 f   dsound:dsapi.obj
 0005:00000f8c       ??0CDirectSoundBuffer@DirectSound@@QAE@PAVCDirectSound@1@@Z 0045ef8c f   dsound:dsapi.obj
 0005:00000fa4       ??_ECDirectSoundBuffer@DirectSound@@UAEPAXI@Z 0045efa4 f i dsound:dsapi.obj
 0005:00000fa4       ??_GCDirectSoundBuffer@DirectSound@@UAEPAXI@Z 0045efa4 f i dsound:dsapi.obj
 0005:00000fbf       ?Release@CDirectSound@DirectSound@@UAGKXZ 0045efbf f   dsound:dsapi.obj
 0005:00001088       ??1CDirectSoundVoiceSettings@DirectSound@@UAE@XZ 0045f088 f   dsound:dsapi.obj
 0005:000010d5       ?SetFormat@CDirectSoundVoiceSettings@DirectSound@@QAEHPBUtWAVEFORMATEX@@H@Z 0045f0d5 f   dsound:dsapi.obj
 0005:0000115b       ?SetBufferData@CDirectSoundBufferSettings@DirectSound@@QAEJPAXK@Z 0045f15b f   dsound:dsapi.obj
 0005:000011e7       ?SetBufferData@CDirectSoundBuffer@DirectSound@@QAGJPAXK@Z 0045f1e7 f   dsound:dsapi.obj
 0005:00001295       ?Calculate3D@CDirectSound3DCalculator@DirectSound@@SGXPAU_DS3DCALCLISTENER@@PAU_DS3DCALCBUFFER@@@Z 0045f295 f   dsound:dsapi.obj
 0005:000014d5       _IDirectSoundBuffer_SetBufferData@12 0045f4d5 f   dsound:dsapi.obj
 0005:000014f5       ??0CDirectSoundSettings@DirectSound@@QAE@XZ 0045f4f5 f   dsound:dsapi.obj
 0005:00001584       ??_ECDirectSoundVoiceSettings@DirectSound@@UAEPAXI@Z 0045f584 f i dsound:dsapi.obj
 0005:00001584       ??_GCDirectSoundVoiceSettings@DirectSound@@UAEPAXI@Z 0045f584 f i dsound:dsapi.obj
 0005:0000159f       ?Initialize@CDirectSoundVoiceSettings@DirectSound@@QAEJKPBUtWAVEFORMATEX@@PBU_DSMIXBINS@@@Z 0045f59f f   dsound:dsapi.obj
 0005:000016a1       ??1CDirectSoundBufferSettings@DirectSound@@UAE@XZ 0045f6a1 f   dsound:dsapi.obj
 0005:000016c6       ?Initialize@CDirectSoundBufferSettings@DirectSound@@QAEJPBU_DSBUFFERDESC@@@Z 0045f6c6 f   dsound:dsapi.obj
 0005:0000172b       ?Initialize@CDirectSoundBuffer@DirectSound@@QAGJPBU_DSBUFFERDESC@@@Z 0045f72b f   dsound:dsapi.obj
[...]
 000a:00077b90       ?s_lines@@3PAY0BAA@DA      0061fb90     dd_edit.obj
 000a:000f7b90       ?s_info@@3PAUFE_LineInfo@@A 0069fb90     dd_edit.obj
 000a:000fdb90       ?s_edited@@3PAHA           006a5b90     dd_edit.obj
 000a:000ffb90       ?s_cursor@@3HA             006a7b90     dd_edit.obj
 000a:000ffb94       ?s_rawBuf@@3PADA           006a7b94     dd_edit.obj
 000a:000ffb98       ?s_dirty@@3HA              006a7b98     dd_edit.obj
 000a:000ffb9c       ?s_rawSize@@3HA            006a7b9c     dd_edit.obj
 000a:000ffba0       ?s_panX@@3MA               006a7ba0     dd_edit.obj
 000a:000ffba4       ?s_open@@3HA               006a7ba4     dd_edit.obj
 000a:000ffba8       ?s_scroll@@3HA             006a7ba8     dd_edit.obj
 000a:000ffbac       ?s_msg@@3HA                006a7bac     dd_edit.obj
 000a:000ffbb0       ?s_deleted@@3PAHA          006a7bb0     dd_edit.obj
 000a:00101bb0       ?s_confirmExit@@3HA        006a9bb0     dd_edit.obj
 000a:00101bb4       ?s_logo@@3UTexture@@A      006a9bb4     dd_egg.obj
 000a:00101bc8       ?s_tried@@3HA              006a9bc8     dd_egg.obj
 000a:00101bcc       ?s_active@@3HA             006a9bcc     dd_egg.obj
 000a:00101bd0       ?s_ipStr@@3PADA            006a9bd0     dd_ftp.obj
 000a:00101be4       ?s_nextDataPort@@3HA       006a9be4     dd_ftp.obj
 000a:00101be8       ?s_ftpWanted@@3HA          006a9be8     dd_ftp.obj
 000a:00101bec       ?s_d3d@@3PAUDirect3D@@A    006a9bec     dd_gfx.obj
 000a:00101bf0       ?s_device@@3PAUD3DDevice@@A 006a9bf0     dd_gfx.obj
 000a:00101bf4       ?s_breatheP@@3MA           006a9bf4     dd_iso.obj
 000a:00101bf8       ?s_breatheY@@3MA           006a9bf8     dd_iso.obj
 000a:00101bfc       ?s_pedFlat@@3HA            006a9bfc     dd_launcher.obj
 000a:00101c00       ?s_cfg@@3PBULauncherConfig@@B 006a9c00     dd_launcher.obj
 000a:00101c04       ?s_cursor@@3HA             006a9c04     dd_launcher.obj
 000a:00101c08       ?s_cache@@3PAULaunchItem@@A 006a9c08     dd_launcher.obj
 000a:00116008       ?s_ped@@3UTexture@@A       006be008     dd_launcher.obj
 000a:0011601c       ?s_cacheCount@@3HA         006be01c     dd_launcher.obj
 000a:00116020       ?s_scroll@@3HA             006be020     dd_launcher.obj
 000a:00116024       ?s_count@@3HA              006be024     dd_launcher.obj
 000a:00116028       ?s_active@@3HA             006be028     dd_launcher.obj
 000a:0011602c       ?s_fanPct@@3HA             006be02c     dd_lcd.obj
 000a:00116030       ?s_items@@3PAULaunchItem@@A 006be030     dd_launcher.obj
 000a:0012a430       ?s_cfg@@3ULcdBlob@@A       006d2430     dd_lcd.obj
 000a:0012a44c       ?s_pageOrder@@3PAHA        006d244c     dd_lcd.obj
 000a:0012a46c       ?s_pageCur@@3HA            006d246c     dd_lcd.obj
 000a:0012a470       ?s_sensorTimer@@3KA        006d2470     dd_lcd.obj
 000a:0012a474       ?s_pageN@@3HA              006d2474     dd_lcd.obj
 000a:0012a478       ?s_sensorOK@@3HA           006d2478     dd_lcd.obj
 000a:0012a47c       ?s_cfgLoaded@@3HA          006d247c     dd_lcd.obj
 000a:0012a480       ?s_shadow@@3PAY0BE@EA      006d2480     dd_lcd.obj
 000a:0012a4d0       ?s_present@@3HA            006d24d0     dd_lcd.obj
 000a:0012a4d4       ?s_cpuC@@3HA               006d24d4     dd_lcd.obj
 000a:0012a4d8       ?s_pageTimer@@3KA          006d24d8     dd_lcd.obj
 000a:0012a4dc       ?s_boardC@@3HA             006d24dc     dd_lcd.obj
 000a:0012a4e0       ?s_glyphSet@@3HA           006d24e0     dd_lcd.obj
 000a:0012a4e4       ?s_started@@3HA            006d24e4     dd_net.obj
 000a:0012a4e8       ?s_up@@3HA                 006d24e8     dd_net.obj
 000a:0012a4ec       ?s_link@@3HA               006d24ec     dd_net.obj
 000a:0012a4f0       ?s_text@@3PADA             006d24f0     dd_osk.obj
 000a:0012a574       ?s_blink@@3HA              006d2574     dd_osk.obj
 000a:0012a578       ?s_keyset@@3HA             006d2578     dd_osk.obj
 000a:0012a57c       ?s_mode@@3HA               006d257c     dd_osk.obj
 000a:0012a580       ?s_row@@3HA                006d2580     dd_osk.obj
 000a:0012a584       ?s_panelY@@3MA             006d2584     dd_osk.obj
 000a:0012a588       ?s_repeat@@3HA             006d2588     dd_osk.obj
 000a:0012a58c       ?s_len@@3HA                006d258c     dd_osk.obj
 000a:0012a590       ?s_panelW@@3MA             006d2590     dd_osk.obj
 000a:0012a594       ?s_open@@3HA               006d2594     dd_osk.obj
 000a:0012a598       ?s_panelX@@3MA             006d2598     dd_osk.obj
 000a:0012a59c       ?s_col@@3HA                006d259c     dd_osk.obj
 000a:0012a5a0       ?s_p@@3UPathsBlob@@A       006d25a0     dd_paths.obj
 000a:0012ad38       ?s_loaded@@3HA             006d2d38     dd_paths.obj
 000a:0012ad3c       ?s_pendMove@@3HA           006d2d3c     dd_savemgr.obj
 000a:0012ad40       ?s_rc@@3URecentsBlob@@A    006d2d40     dd_recents.obj
 000a:0012b3d8       ?s_destPath@@3PADA         006d33d8     dd_savemgr.obj
 000a:0012b4e8       ?s_list@@3PAUSmEntry@@A    006d34e8     dd_savemgr.obj
 000a:001314e8       ?s_state@@3HA              006d94e8     dd_savemgr.obj
 000a:001314ec       ?s_cursor@@3HA             006d94ec     dd_savemgr.obj
 000a:001314f0       ?s_dest@@3PAUSmEntry@@A    006d94f0     dd_savemgr.obj
 000a:001374f0       ?s_art@@3UTexture@@A       006df4f0     dd_savemgr.obj
 000a:00137504       ?s_destScroll@@3HA         006df504     dd_savemgr.obj
 000a:00137508       ?s_scroll@@3HA             006df508     dd_savemgr.obj
 000a:0013750c       ?s_msg@@3PADA              006df50c     dd_savemgr.obj
 000a:0013753c       ?s_count@@3HA              006df53c     dd_savemgr.obj
 000a:00137540       ?s_opCursor@@3HA           006df540     dd_savemgr.obj
 000a:00137544       ?s_destCursor@@3HA         006df544     dd_savemgr.obj
 000a:00137548       ?s_destCount@@3HA          006df548     dd_savemgr.obj
 000a:0013754c       ?s_enterMs@@3KA            006df54c     dd_screensaver.obj
 000a:00137550       ?s_pool@@3PAY0BAA@DA       006df550     dd_screensaver.obj
 000a:00147550       ?s_phase@@3HA              006ef550     dd_screensaver.obj
 000a:00147554       ?s_scanned@@3HA            006ef554     dd_screensaver.obj
 000a:00147558       ?s_haveArt@@3HA            006ef558     dd_screensaver.obj
 000a:0014755c       ?s_artFlat@@3HA            006ef55c     dd_screensaver.obj
 000a:00147560       ?s_phaseStart@@3KA         006ef560     dd_screensaver.obj
 000a:00147564       ?s_art@@3UTexture@@A       006ef564     dd_screensaver.obj
 000a:00147578       ?s_poolCount@@3HA          006ef578     dd_screensaver.obj
 000a:0014757c       ?s_target@@3MA             006ef57c     dd_select.obj
 000a:00147580       ?s_popStart@@3KA           006ef580     dd_select.obj
 000a:00147584       ?s_y@@3MA                  006ef584     dd_select.obj
 000a:00147588       ?s_vy@@3MA                 006ef588     dd_select.obj
 000a:0014758c       ?s_haveY@@3HA              006ef58c     dd_select.obj
 000a:00147590       ?s_lastMs@@3KA             006ef590     dd_select.obj
 000a:00147594       ?s_capturing@@3HA          006ef594     dd_swing.obj
 000a:00147598       ?s_rtW@@3HA                006ef598     dd_swing.obj
 000a:0014759c       ?s_didMid@@3HA             006ef59c     dd_swing.obj
 000a:001475a0       ?s_saveZ@@3PAUD3DSurface@@A 006ef5a0     dd_swing.obj
 000a:001475a4       ?s_rtDepth@@3PAUD3DSurface@@A 006ef5a4     dd_swing.obj
 000a:001475a8       ?s_capW@@3HA               006ef5a8     dd_swing.obj
 000a:001475ac       ?s_saveCol@@3PAUD3DSurface@@A 006ef5ac     dd_swing.obj
 000a:001475b0       ?s_capH@@3HA               006ef5b0     dd_swing.obj
 000a:001475b4       ?s_elapsed@@3MA            006ef5b4     dd_swing.obj
 000a:001475b8       ?s_rtH@@3HA                006ef5b8     dd_swing.obj
 000a:001475bc       ?s_active@@3HA             006ef5bc     dd_swing.obj
 000a:001475c0       ?s_rt@@3PAUD3DTexture@@A   006ef5c0     dd_swing.obj
 000a:001475c4       ?s_capX@@3HA               006ef5c4     dd_swing.obj
 000a:001475c8       ?s_capY@@3HA               006ef5c8     dd_swing.obj
 000a:001475cc       ?s_rtSurf@@3PAUD3DSurface@@A 006ef5cc     dd_swing.obj
 000a:001475d0       ?s_overview@@3PADA         006ef5d0     dd_synopsis.obj
 000a:001479d0       ?s_title@@3PADA            006ef9d0     dd_synopsis.obj
 000a:00147a30       ?s_havePoster@@3HA         006efa30     dd_synopsis.obj
 000a:00147a34       ?s_scrollMax@@3MA          006efa34     dd_synopsis.obj
 000a:00147a38       ?s_genre@@3PADA            006efa38     dd_synopsis.obj
 000a:00147a98       ?s_back@@3UTexture@@A      006efa98     dd_synopsis.obj
 000a:00147aac       ?s_open@@3HA               006efaac     dd_synopsis.obj
 000a:00147ab0       ?s_esrb@@3PADA             006efab0     dd_synopsis.obj
 000a:00147b10       ?s_dev@@3PADA              006efb10     dd_synopsis.obj
 000a:00147b70       ?s_pub@@3PADA              006efb70     dd_synopsis.obj
 000a:00147bd0       ?s_scroll@@3MA             006efbd0     dd_synopsis.obj
 000a:00147bd4       ?s_haveBack@@3HA           006efbd4     dd_synopsis.obj
 000a:00147bd8       ?s_year@@3PADA             006efbd8     dd_synopsis.obj
 000a:00147c38       ?s_view@@3HA               006efc38     dd_synopsis.obj
 000a:00147c3c       ?s_poster@@3UTexture@@A    006efc3c     dd_synopsis.obj
 000a:00147c50       ?s_rating@@3PADA           006efc50     dd_synopsis.obj
 000a:00147cb0       ?s_fanLastGood@@3HA        006efcb0     dd_sysinfo.obj
 000a:00147cb4       ?s_fanColdTries@@3HA       006efcb4     dd_sysinfo.obj
 000a:00147cb8       ?s_fanHaveGood@@3HA        006efcb8     dd_sysinfo.obj
 000a:00147cbc       ?s_bgImage@@3UTexture@@A   006efcbc     dd_theme.obj
 000a:00147cd0       ?s_ini@@3PAUIniEntry@@A    006efcd0     dd_theme.obj
 000a:0014d0d0       ?s_bgOk@@3HA               006f50d0     dd_theme.obj
 000a:0014d0d4       ?s_themeCount@@3HA         006f50d4     dd_theme.obj
 000a:0014d0d8       ?s_cache@@3PAUCacheSlot@@A 006f50d8     dd_theme.obj
 000a:0014dcd8       ?s_asset_dir@@3PADA        006f5cd8     dd_theme.obj
 000a:0014dde8       ?s_themeNames@@3PAY0EA@DA  006f5de8     dd_theme.obj
 000a:0014ede8       ?s_root@@3PADA             006f6de8     dd_theme.obj
 000a:0014eef8       ?s_bgTried@@3HA            006f6ef8     dd_theme.obj
 000a:0014eefc       ?s_ini_n@@3HA              006f6efc     dd_theme.obj
 000a:0014ef00       ?s_cache_n@@3HA            006f6f00     dd_theme.obj
 000a:0014ef04       ?s_t@@3UTimeBlob@@A        006f6f04     dd_time.obj
 000a:0014ef14       ?s_loaded@@3HA             006f6f14     dd_time.obj
 000a:0014ef18       ?s_started@@3HA            006f6f18     dd_typed.obj
 000a:0014ef1c       ?s_lastSend@@3KA           006f6f1c     dd_typed.obj
 000a:0014ef20       ?s_oxfpPollTimer@@3KA      006f6f20     dd_udp.obj
 000a:0014ef24       ?s_inited@@3HA             006f6f24     dd_udp.obj
 000a:0014ef28       ?s_rx@@3PADA               006f6f28     dd_udp.obj
 000a:0014f568       ?s_stretch@@3HA            006f7568     dd_ui.obj
 000a:0014f56c       ?s_off_y@@3MA              006f756c     dd_ui.obj
 000a:0014f570       ?s_calT@@3MA               006f7570     dd_ui.obj
 000a:0014f574       ?s_calL@@3MA               006f7574     dd_ui.obj
 000a:0014f578       ?s_off_x@@3MA              006f7578     dd_ui.obj
 000a:0014f57c       ?s_calB@@3MA               006f757c     dd_ui.obj
 000a:0014f580       ?s_calR@@3MA               006f7580     dd_ui.obj
 000a:0014f584       ?s_netUp@@3HA              006f7584     dd_update.obj
 000a:0014f588       ?s_netInitStart@@3KA       006f7588     dd_update.obj
 000a:0014f58c       ?s_renderFn@@3P6AXXZA      006f758c     dd_update.obj
 000a:0014f590       ?s_changelogReady@@3HA     006f7590     dd_update.obj
 000a:0014f594       ?s_dlTotal@@3KA            006f7594     dd_update.obj
 000a:0014f598       ?s_changelog@@3PADA        006f7598     dd_update.obj
 000a:00150598       ?s_localVer@@3PADA         006f8598     dd_update.obj
 000a:001505b8       ?s_inExtract@@3HA          006f85b8     dd_update.obj
 000a:001505bc       ?s_dns@@3PAUXNDNS@@A       006f85bc     dd_update.obj
 000a:001505c0       ?s_errorMsg@@3PADA         006f85c0     dd_update.obj
 000a:00150610       ?s_dlRecv@@3KA             006f8610     dd_update.obj
 000a:00150614       ?s_st@@3HA                 006f8614     dd_update.obj
 000a:00150618       ?s_xbaDetail@@3PADA        006f8618     dd_update.obj
 000a:00150698       ?s_dispVer@@3PADA          006f8698     dd_update.obj
 000a:001506b8       ?s_extractTotal@@3HA       006f86b8     dd_update.obj
 000a:001506bc       ?s_serverAddr@@3Uin_addr@@A 006f86bc     dd_update.obj
 000a:001506c0       ?s_extractDone@@3HA        006f86c0     dd_update.obj
 000a:001506c4       ?s_recvLen@@3HA            006f86c4     dd_update.obj
 000a:001506c8       ?s_recvBuf@@3PADA          006f86c8     dd_update.obj
 000a:001516c8       ?s_remoteVer@@3PADA        006f96c8     dd_update.obj
 000a:001516e8       ?s_scan@@3UTexture@@A      006f96e8     dd_fx.obj
 000a:001516fc       ?s_edgeAt@@3KA             006f96fc     dd_fx.obj
 000a:00151700       ?s_ok@@3HA                 006f9700     dd_fx.obj
 000a:00151704       ?s_bootAt@@3KA             006f9704     dd_fx.obj
 000a:00151708       ?s_pendMove@@3HA           006f9708     fileman.obj
 000a:0015170c       ?s_mode@@3HA               006f970c     fileman.obj
 000a:00151710       ?s_pendSrc@@3HA            006f9710     fileman.obj
 000a:00151714       ?s_opCursor@@3HA           006f9714     fileman.obj
 000a:00151718       ?s_pane@@3PAUPane@@A       006f9718     fileman.obj
 000a:001a5930       ?s_msg@@3PADA              0074d930     fileman.obj
 000a:001a5960       ?s_active@@3HA             0074d960     fileman.obj
 000a:001a5964       ?s_max_ascender@@3PAHA     0074d964     font.obj
 000a:001a5970       ?s_atlas_tex@@3PAUD3DTexture@@A 0074d970     font.obj
 000a:001a5974       ?s_lastStatus@@3KA         0074d974     main.obj
 000a:001a5978       ?s_loadedMetrics@@3PAY0FP@UGlyphMetrics@@A 0074d978     font.obj
 000a:001a7430       ?g_padHandles@@3PAPAXA     0074f430     input.obj
 000a:001a7440       ?g_ctrlType@@3PAW4ControllerType@@A 0074f440     input.obj
 000a:001a7450       ?g_muPresent@@3PAY01_NA    0074f450     input.obj
 000a:001a7458       ?g_padLastPacket@@3PAKA    0074f458     input.obj
 000a:001a7468       ?g_padButtons@@3PAGA       0074f468     input.obj
 000a:001a7470       ?g_padStates@@3PAU_XINPUT_STATE@@A 0074f470     input.obj
 000a:001a74c8       ?s_ntpDone@@3HA            0074f4c8     main.obj
 000a:001a74cc       ?s_icon@@3UTexture@@A      0074f4cc     settings.obj
 000a:001a74e0       ?s_audioMsg@@3HA           0074f4e0     settings.obj
 000a:001a74e4       ?s_fxRow@@3HA              0074f4e4     settings.obj
 000a:001a74e8       ?s_mp3Cursor@@3HA          0074f4e8     settings.obj
 000a:001a74ec       ?s_mp3Count@@3HA           0074f4ec     settings.obj
 000a:001a74f0       ?s_mp3@@3PAY0EA@DA         0074f4f0     settings.obj
 000a:001a84f0       ?s_netMask@@3KA            007504f0     settings.obj
 000a:001a84f4       ?s_netGw@@3KA              007504f4     settings.obj
 000a:001a84f8       ?s_oxfpAnim@@3HA           007504f8     settings.obj
 000a:001a84fc       ?s_netDns1@@3KA            007504fc     settings.obj
 000a:001a8500       ?s_fontCursor@@3HA         00750500     settings.obj
 000a:001a8504       ?s_accRow@@3HA             00750504     settings.obj
 000a:001a8508       ?s_netMode@@3HA            00750508     settings.obj
 000a:001a850c       ?s_fontCount@@3HA          0075050c     settings.obj
 000a:001a8510       ?s_row@@3HA                00750510     settings.obj
 000a:001a8514       ?s_audioPick@@3HA          00750514     settings.obj
 000a:001a8518       ?s_rgbMode@@3HA            00750518     settings.obj
 000a:001a851c       ?s_netDns2@@3KA            0075051c     settings.obj
 000a:001a8520       ?s_cursor@@3HA             00750520     settings.obj
 000a:001a8524       ?s_clkPart@@3HA            00750524     settings.obj
 000a:001a8528       ?s_themeCursor@@3HA        00750528     settings.obj
 000a:001a852c       ?s_fontMsg@@3HA            0075052c     settings.obj
 000a:001a8530       ?s_clkMsg@@3HA             00750530     settings.obj
 000a:001a8534       ?s_themeMsg@@3HA           00750534     settings.obj
 000a:001a8538       ?s_fonts@@3PAY0EA@DA       00750538     settings.obj
 000a:001a9538       ?s_oxfpMode@@3HA           00751538     settings.obj
 000a:001a953c       ?s_fxSub@@3HA              0075153c     settings.obj
 000a:001a9540       ?s_ftpEdit@@3HA            00751540     settings.obj
 000a:001a9544       ?s_netMsg@@3HA             00751544     settings.obj
 000a:001a9548       ?s_aboutEnter@@3KA         00751548     settings.obj
 000a:001a954c       ?s_netIp@@3KA              0075154c     settings.obj
 000a:001a9550       ?s_oCount@@3KA             00751550     xba.obj
 000a:001a9554       ?s_oCrc@@3KA               00751554     xba.obj
 000a:001a9558       ?s_lsWin@@3PAEA            00751558     xba.obj
 000a:001b1558       ?s_lzMidBuf@@3PAEA         00759558     xba.obj
 000a:001c5558       ?s_huffPairSym@@3PAHA      0076d558     xba.obj
 000a:001c5958       ?s_detail@@3PADA           0076d958     xba.obj
 000a:001c59d8       ?s_crcOK@@3HA              0076d9d8     xba.obj
 000a:001c59dc       ?s_oErr@@3HA               0076d9dc     xba.obj
 000a:001c59e0       ?s_huffPairLen@@3PAHA      0076d9e0     xba.obj
 000a:001c5de0       ?s_lzPos@@3KA              0076dde0     xba.obj
 000a:001c5de4       ?s_lsPos@@3KA              0076dde4     xba.obj
 000a:001c5de8       ?s_outBuf@@3PAEA           0076dde8     xba.obj
 000a:001c6de8       ?s_huffCodeLens@@3PAEA     0076ede8     xba.obj
 000a:001c6ee8       ?s_blockBuf@@3PAEA         0076eee8     xba.obj
 000a:001d6ee8       ?s_compBuf@@3PAEA          0077eee8     xba.obj
 000a:001e6ee8       ?s_outBufPos@@3KA          0078eee8     xba.obj
 000a:001e6ef0       ?s_v1Buf@@3PAEA            0078eef0     xba.obj
 000a:001f6ef0       ?s_lzWin@@3PAEA            0079eef0     xba.obj
 000a:001faef0       ?s_crcTab@@3PAKA           007a2ef0     xba.obj
 000a:001fb2f0       ?s_huffTab@@3PAUHuffEntry@@A 007a32f0     xba.obj
 000a:0020b2f0       ?s_ftpLingerUntil@?BB@??Lcd_Tick@@9@4KA 007b32f0     dd_lcd.obj
 000a:0020b2f4       ?s_ftpWasXfer@?BB@??Lcd_Tick@@9@4HA 007b32f4     dd_lcd.obj
 000a:0020b2f8       ?s_lastApp@?1??TypeD_Tick@@9@4PADA 007b32f8     dd_typed.obj
 000a:0020b318       ?s_lastMs@?1??DrawStatusScroller@@YAXPAUD3DDevice@@@Z@4KA 007b3318     main.obj
 000a:0020b31c       ?s_swingLast@?MK@??main@@9@4KA 007b331c     main.obj
 000a:0020b320       ?s_pos@?1??DrawStatusScroller@@YAXPAUD3DDevice@@@Z@4MA 007b3320     main.obj
 000a:0020b324       ?s_consoleScroll@?1??DrawConsole@@YAXPAUD3DDevice@@PBQBDHHHH@Z@4HA 007b3324     settings.obj
 000a:0020b328       ?s_listScroll@?1??RenderList@@YAXPAUD3DDevice@@@Z@4HA 007b3328     settings.obj
 000a:0020b330       ?buf@?1??Fileops_CopyFile@@9@4PADA 007b3330     dd_fileops.obj
 000a:0021b330       ?ioBuf@?ID@??FtpServ_Tick@@YAXXZ@4PADA 007c3330     dd_ftp.obj
 000a:0022b330       ?items@?1??StartCopyJob@@YAHHPBDH@Z@4PAUCopyJobItem@@A 007d3330     fileman.obj
 000b:00000000       _AC3SuperExec              007fc000     dsound:epdsp.obj
 000b:00000320       _AC3Loader                 007fc320     dsound:epdsp.obj
 000b:00000920       _AC3Dolby1                 007fc920     dsound:epdsp.obj
 000b:000014e8       _AC3Dolby2                 007fd4e8     dsound:epdsp.obj
 000b:00003670       _AC3Dolby3                 007ff670     dsound:epdsp.obj
 000b:00004fb8       _AC3Dolby4                 00800fb8     dsound:epdsp.obj
 000b:00006b08       _AC3Dolby5                 00802b08     dsound:epdsp.obj
 000b:00006df8       _AC3Dolby6                 00802df8     dsound:epdsp.obj
 000b:00007120       _AC3ConfigTable            00803120     dsound:epdsp.obj
 000d:00000060       $R000000                   00805060     * linker generated manifest res *
